Archive member included to satisfy reference by file (symbol)

/opt/homebrew/Cellar/arm-none-eabi-gcc/10.3-2021.07/gcc/bin/../lib/gcc/arm-none-eabi/10.3.1/thumb/v6-m/nofp/libgcc.a(_dvmd_tls.o)
                              CMakeFiles/project.dir/Users/mgonzalez506/pico-sdk/src/rp2_common/pico_divider/divider.S.obj (__aeabi_idiv0)
/opt/homebrew/Cellar/arm-none-eabi-gcc/10.3-2021.07/gcc/bin/../lib/gcc/arm-none-eabi/10.3.1/../../../../arm-none-eabi/lib/thumb/v6-m/nofp/libc.a(lib_a-calloc.o)
                              CMakeFiles/project.dir/Users/mgonzalez506/pico-sdk/src/rp2_common/pico_malloc/pico_malloc.c.obj (calloc)
/opt/homebrew/Cellar/arm-none-eabi-gcc/10.3-2021.07/gcc/bin/../lib/gcc/arm-none-eabi/10.3.1/../../../../arm-none-eabi/lib/thumb/v6-m/nofp/libc.a(lib_a-callocr.o)
                              /opt/homebrew/Cellar/arm-none-eabi-gcc/10.3-2021.07/gcc/bin/../lib/gcc/arm-none-eabi/10.3.1/../../../../arm-none-eabi/lib/thumb/v6-m/nofp/libc.a(lib_a-calloc.o) (_calloc_r)
/opt/homebrew/Cellar/arm-none-eabi-gcc/10.3-2021.07/gcc/bin/../lib/gcc/arm-none-eabi/10.3.1/../../../../arm-none-eabi/lib/thumb/v6-m/nofp/libc.a(lib_a-errno.o)
                              /opt/homebrew/Cellar/arm-none-eabi-gcc/10.3-2021.07/gcc/bin/../lib/gcc/arm-none-eabi/10.3.1/../../../../arm-none-eabi/lib/thumb/v6-m/nofp/libc.a(lib_a-callocr.o) (__errno)
/opt/homebrew/Cellar/arm-none-eabi-gcc/10.3-2021.07/gcc/bin/../lib/gcc/arm-none-eabi/10.3.1/../../../../arm-none-eabi/lib/thumb/v6-m/nofp/libc.a(lib_a-impure.o)
                              /opt/homebrew/Cellar/arm-none-eabi-gcc/10.3-2021.07/gcc/bin/../lib/gcc/arm-none-eabi/10.3.1/../../../../arm-none-eabi/lib/thumb/v6-m/nofp/libc.a(lib_a-calloc.o) (_impure_ptr)
/opt/homebrew/Cellar/arm-none-eabi-gcc/10.3-2021.07/gcc/bin/../lib/gcc/arm-none-eabi/10.3.1/../../../../arm-none-eabi/lib/thumb/v6-m/nofp/libc.a(lib_a-init.o)
                              /opt/homebrew/Cellar/arm-none-eabi-gcc/10.3-2021.07/gcc/bin/../lib/gcc/arm-none-eabi/10.3.1/../../../../arm-none-eabi/lib/thumb/v6-m/nofp/crt0.o (__libc_init_array)
/opt/homebrew/Cellar/arm-none-eabi-gcc/10.3-2021.07/gcc/bin/../lib/gcc/arm-none-eabi/10.3.1/../../../../arm-none-eabi/lib/thumb/v6-m/nofp/libc.a(lib_a-malloc.o)
                              CMakeFiles/project.dir/Users/mgonzalez506/pico-sdk/src/rp2_common/pico_malloc/pico_malloc.c.obj (malloc)
/opt/homebrew/Cellar/arm-none-eabi-gcc/10.3-2021.07/gcc/bin/../lib/gcc/arm-none-eabi/10.3.1/../../../../arm-none-eabi/lib/thumb/v6-m/nofp/libc.a(lib_a-mallocr.o)
                              /opt/homebrew/Cellar/arm-none-eabi-gcc/10.3-2021.07/gcc/bin/../lib/gcc/arm-none-eabi/10.3.1/../../../../arm-none-eabi/lib/thumb/v6-m/nofp/libc.a(lib_a-callocr.o) (_malloc_r)
/opt/homebrew/Cellar/arm-none-eabi-gcc/10.3-2021.07/gcc/bin/../lib/gcc/arm-none-eabi/10.3.1/../../../../arm-none-eabi/lib/thumb/v6-m/nofp/libc.a(lib_a-mlock.o)
                              /opt/homebrew/Cellar/arm-none-eabi-gcc/10.3-2021.07/gcc/bin/../lib/gcc/arm-none-eabi/10.3.1/../../../../arm-none-eabi/lib/thumb/v6-m/nofp/libc.a(lib_a-mallocr.o) (__malloc_lock)
/opt/homebrew/Cellar/arm-none-eabi-gcc/10.3-2021.07/gcc/bin/../lib/gcc/arm-none-eabi/10.3.1/../../../../arm-none-eabi/lib/thumb/v6-m/nofp/libc.a(lib_a-realloc.o)
                              CMakeFiles/project.dir/Users/mgonzalez506/pico-sdk/src/rp2_common/pico_malloc/pico_malloc.c.obj (realloc)
/opt/homebrew/Cellar/arm-none-eabi-gcc/10.3-2021.07/gcc/bin/../lib/gcc/arm-none-eabi/10.3.1/../../../../arm-none-eabi/lib/thumb/v6-m/nofp/libc.a(lib_a-reallocr.o)
                              /opt/homebrew/Cellar/arm-none-eabi-gcc/10.3-2021.07/gcc/bin/../lib/gcc/arm-none-eabi/10.3.1/../../../../arm-none-eabi/lib/thumb/v6-m/nofp/libc.a(lib_a-realloc.o) (_realloc_r)
/opt/homebrew/Cellar/arm-none-eabi-gcc/10.3-2021.07/gcc/bin/../lib/gcc/arm-none-eabi/10.3.1/../../../../arm-none-eabi/lib/thumb/v6-m/nofp/libc.a(lib_a-sbrkr.o)
                              /opt/homebrew/Cellar/arm-none-eabi-gcc/10.3-2021.07/gcc/bin/../lib/gcc/arm-none-eabi/10.3.1/../../../../arm-none-eabi/lib/thumb/v6-m/nofp/libc.a(lib_a-mallocr.o) (_sbrk_r)
/opt/homebrew/Cellar/arm-none-eabi-gcc/10.3-2021.07/gcc/bin/../lib/gcc/arm-none-eabi/10.3.1/../../../../arm-none-eabi/lib/thumb/v6-m/nofp/libc.a(lib_a-strlen-stub.o)
                              CMakeFiles/project.dir/Users/mgonzalez506/pico-sdk/src/rp2_common/pico_stdio/stdio.c.obj (strlen)
/opt/homebrew/Cellar/arm-none-eabi-gcc/10.3-2021.07/gcc/bin/../lib/gcc/arm-none-eabi/10.3.1/../../../../arm-none-eabi/lib/thumb/v6-m/nofp/libc.a(lib_a-freer.o)
                              /opt/homebrew/Cellar/arm-none-eabi-gcc/10.3-2021.07/gcc/bin/../lib/gcc/arm-none-eabi/10.3.1/../../../../arm-none-eabi/lib/thumb/v6-m/nofp/libc.a(lib_a-malloc.o) (_free_r)
/opt/homebrew/Cellar/arm-none-eabi-gcc/10.3-2021.07/gcc/bin/../lib/gcc/arm-none-eabi/10.3.1/../../../../arm-none-eabi/lib/thumb/v6-m/nofp/libc.a(lib_a-lock.o)
[...]
Memory Configuration

Name             Origin             Length             Attributes
FLASH            0x0000000010000000 0x0000000000200000 xr
RAM              0x0000000020000000 0x0000000000040000 xrw
SCRATCH_X        0x0000000020040000 0x0000000000001000 xrw
SCRATCH_Y        0x0000000020041000 0x0000000000001000 xrw
*default*        0x0000000000000000 0xffffffffffffffff

Linker script and memory map

LOAD /opt/homebrew/Cellar/arm-none-eabi-gcc/10.3-2021.07/gcc/bin/../lib/gcc/arm-none-eabi/10.3.1/thumb/v6-m/nofp/crti.o
LOAD /opt/homebrew/Cellar/arm-none-eabi-gcc/10.3-2021.07/gcc/bin/../lib/gcc/arm-none-eabi/10.3.1/thumb/v6-m/nofp/crtbegin.o
LOAD /opt/homebrew/Cellar/arm-none-eabi-gcc/10.3-2021.07/gcc/bin/../lib/gcc/arm-none-eabi/10.3.1/../../../../arm-none-eabi/lib/thumb/v6-m/nofp/crt0.o

.flash_begin    0x0000000010000000        0x0
                0x0000000010000000                __flash_binary_start = .

.boot2          0x0000000010000000      0x100
                0x0000000010000000                __boot2_start__ = .
 *(.boot2)
 .boot2         0x0000000010000000      0x100 /var/folders/h6/47w8zk5n53g54lydb5vmgbw40000gn/T//ccai94Ca.o
                0x0000000010000100                __boot2_end__ = .
                0x0000000000000001                ASSERT (((__boot2_end__ - __boot2_start__) == 0x100), ERROR: Pico second stage bootloader must be 256 bytes in size)

.text           0x0000000010000100     0x7910
                0x0000000010000100                __logical_binary_start = .
 *(.vectors)
 .vectors       0x0000000010000100       0xd4 CMakeFiles/project.dir/Users/mgonzalez506/pico-sdk/src/rp2_common/pico_standard_link/crt0.S.obj
                0x0000000010000100                __VECTOR_TABLE
                0x0000000010000100                __vectors
                0x00000000100001c0                __default_isrs_start
                0x00000000100001c0                isr_invalid
                0x00000000100001c2                isr_nmi
                0x00000000100001c4                isr_hardfault
                0x00000000100001c6                isr_svcall
                0x00000000100001c8                isr_pendsv
                0x00000000100001ca                isr_systick
                0x00000000100001cc                isr_irq28
                0x00000000100001cc                isr_irq19
                0x00000000100001cc                isr_irq0
                0x00000000100001cc                isr_irq6
                0x00000000100001cc                isr_irq22
                0x00000000100001cc                isr_irq17
                0x00000000100001cc                isr_irq14
                0x00000000100001cc                isr_irq2
                0x00000000100001cc                isr_irq10
                0x00000000100001cc                isr_irq8
                0x00000000100001cc                isr_irq24
                0x00000000100001cc                isr_irq1
                0x00000000100001cc                isr_irq7
                0x00000000100001cc                isr_irq21
                0x00000000100001cc                isr_irq20
                0x00000000100001cc                isr_irq15
                0x00000000100001cc                isr_irq25
                0x00000000100001cc                isr_irq4
                0x00000000100001cc                isr_irq16
                0x00000000100001cc                isr_irq29
                0x00000000100001cc                isr_irq26
                0x00000000100001cc                __default_isrs_end
                0x00000000100001cc                isr_irq3
                0x00000000100001cc                isr_irq9
                0x00000000100001cc                __unhandled_user_irq
                0x00000000100001cc                isr_irq13
                0x00000000100001cc                isr_irq27
                0x00000000100001cc                isr_irq31
                0x00000000100001cc                isr_irq5
                0x00000000100001cc                isr_irq11
                0x00000000100001cc                isr_irq23
                0x00000000100001cc                isr_irq18
                0x00000000100001cc                isr_irq30
                0x00000000100001cc                isr_irq12
                0x00000000100001d2                unhandled_user_irq_num_in_r0
 *(.binary_info_header)
 .binary_info_header
                0x00000000100001d4       0x14 CMakeFiles/project.dir/Users/mgonzalez506/pico-sdk/src/rp2_common/pico_standard_link/crt0.S.obj
                0x00000000100001e8                __binary_info_header_end = .
 *(.reset)
 .reset         0x00000000100001e8       0xa8 CMakeFiles/project.dir/Users/mgonzalez506/pico-sdk/src/rp2_common/pico_standard_link/crt0.S.obj
                0x00000000100001e8                _entry_point
                0x0000000010000266                __get_current_exception
 .reset         0x0000000010000290       0x30 CMakeFiles/project.dir/Users/mgonzalez506/pico-sdk/src/rp2_common/pico_standard_link/binary_info.c.obj
 *(.init)
 .init          0x00000000100002c0        0x4 /opt/homebrew/Cellar/arm-none-eabi-gcc/10.3-2021.07/gcc/bin/../lib/gcc/arm-none-eabi/10.3.1/thumb/v6-m/nofp/crti.o
                0x00000000100002c0                _init
 *(EXCLUDE_FILE(*libm.a: *libc.a:*lib_a-mem*.o *libgcc.a:) .text*)
 .text          0x00000000100002c4       0x48 /opt/homebrew/Cellar/arm-none-eabi-gcc/10.3-2021.07/gcc/bin/../lib/gcc/arm-none-eabi/10.3.1/thumb/v6-m/nofp/crtbegin.o
 .text.ISR_INT0
                0x000000001000030c       0x28 CMakeFiles/project.dir/WiegandReader.c.obj
                0x000000001000030c                ISR_INT0
 .text.ISR_INT1
                0x0000000010000334       0x30 CMakeFiles/project.dir/WiegandReader.c.obj
                0x0000000010000334                ISR_INT1
 .text.startup.main
                0x0000000010000364      0x474 CMakeFiles/project.dir/WiegandReader.c.obj
                0x0000000010000364                main
 .text.gpio_default_irq_handler
                0x00000000100007d8      0x248 CMakeFiles/project.dir/Users/mgonzalez506/pico-sdk/src/rp2_common/hardware_gpio/gpio.c.obj
 .text.gpio_set_function
                0x0000000010000a20       0x30 CMakeFiles/project.dir/Users/mgonzalez506/pico-sdk/src/rp2_common/hardware_gpio/gpio.c.obj
                0x0000000010000a20                gpio_set_function
 .text.gpio_set_irq_enabled_with_callback
                0x0000000010000a50       0xb0 CMakeFiles/project.dir/Users/mgonzalez506/pico-sdk/src/rp2_common/hardware_gpio/gpio.c.obj
                0x0000000010000a50                gpio_set_irq_enabled_with_callback
 .text.gpio_init
                0x0000000010000b00       0x3c CMakeFiles/project.dir/Users/mgonzalez506/pico-sdk/src/rp2_common/hardware_gpio/gpio.c.obj
                0x0000000010000b00                gpio_init
 .text.hw_claim_or_assert
                0x0000000010000b3c       0x44 CMakeFiles/project.dir/Users/mgonzalez506/pico-sdk/src/rp2_common/hardware_claim/claim.c.obj
                0x0000000010000b3c                hw_claim_or_assert
 .text.hw_claim_unused_from_range
                0x0000000010000b80       0x9c CMakeFiles/project.dir/Users/mgonzalez506/pico-sdk/src/rp2_common/hardware_claim/claim.c.obj
                0x0000000010000b80                hw_claim_unused_from_range
 .text.running_on_fpga
                0x0000000010000c1c       0x10 CMakeFiles/project.dir/Users/mgonzalez506/pico-sdk/src/rp2_common/pico_platform/platform.c.obj
                0x0000000010000c1c                running_on_fpga
 .text.spin_locks_reset
                0x0000000010000c2c       0x1c CMakeFiles/project.dir/Users/mgonzalez506/pico-sdk/src/rp2_common/hardware_sync/sync.c.obj
                0x0000000010000c2c                spin_locks_reset
 .text.next_striped_spin_lock_num
                0x0000000010000c48       0x18 CMakeFiles/project.dir/Users/mgonzalez506/pico-sdk/src/rp2_common/hardware_sync/sync.c.obj
                0x0000000010000c48                next_striped_spin_lock_num
 .text.spin_lock_claim_unused
                0x0000000010000c60       0x20 CMakeFiles/project.dir/Users/mgonzalez506/pico-sdk/src/rp2_common/hardware_sync/sync.c.obj
                0x0000000010000c60                spin_lock_claim_unused
 .text.irq_set_enabled
                0x0000000010000c80       0x24 CMakeFiles/project.dir/Users/mgonzalez506/pico-sdk/src/rp2_common/hardware_irq/irq.c.obj
                0x0000000010000c80                irq_set_enabled
 .text.irq_set_pending
                0x0000000010000ca4       0x10 CMakeFiles/project.dir/Users/mgonzalez506/pico-sdk/src/rp2_common/hardware_irq/irq.c.obj
                0x0000000010000ca4                irq_set_pending
 .text.irq_has_shared_handler
                0x0000000010000cb4       0x2c CMakeFiles/project.dir/Users/mgonzalez506/pico-sdk/src/rp2_common/hardware_irq/irq.c.obj
                0x0000000010000cb4                irq_has_shared_handler
 .text.irq_get_vtable_handler
                0x0000000010000ce0       0x10 CMakeFiles/project.dir/Users/mgonzalez506/pico-sdk/src/rp2_common/hardware_irq/irq.c.obj
                0x0000000010000ce0                irq_get_vtable_handler
 .text.irq_set_exclusive_handler
                0x0000000010000cf0       0x54 CMakeFiles/project.dir/Users/mgonzalez506/pico-sdk/src/rp2_common/hardware_irq/irq.c.obj
                0x0000000010000cf0                irq_set_exclusive_handler
 .text.irq_add_shared_handler
                0x0000000010000d44      0x1e4 CMakeFiles/project.dir/Users/mgonzalez506/pico-sdk/src/rp2_common/hardware_irq/irq.c.obj
                0x0000000010000d44                irq_add_shared_handler
 .text.irq_remove_handler
                0x0000000010000f28      0x1b4 CMakeFiles/project.dir/Users/mgonzalez506/pico-sdk/src/rp2_common/hardware_irq/irq.c.obj
                0x0000000010000f28                irq_remove_handler
 .text.irq_add_tail_to_free_list
                0x00000000100010dc       0xb4 CMakeFiles/project.dir/Users/mgonzalez506/pico-sdk/src/rp2_common/hardware_irq/irq.c.obj
                0x00000000100010dc                irq_add_tail_to_free_list
 .text.irq_init_priorities
                0x0000000010001190       0x24 CMakeFiles/project.dir/Users/mgonzalez506/pico-sdk/src/rp2_common/hardware_irq/irq.c.obj
                0x0000000010001190                irq_init_priorities
 .text.user_irq_claim_unused
                0x00000000100011b4       0x30 CMakeFiles/project.dir/Users/mgonzalez506/pico-sdk/src/rp2_common/hardware_irq/irq.c.obj
                0x00000000100011b4                user_irq_claim_unused
 .text.lock_init
                0x00000000100011e4       0x10 CMakeFiles/project.dir/Users/mgonzalez506/pico-sdk/src/common/pico_sync/lock_core.c.obj
                0x00000000100011e4                lock_init
 .text.timer_pool_entry_comparator
                0x00000000100011f4       0x34 CMakeFiles/project.dir/Users/mgonzalez506/pico-sdk/src/common/pico_time/time.c.obj
                0x00000000100011f4                timer_pool_entry_comparator
 .text.sleep_until_callback
                0x0000000010001228       0x30 CMakeFiles/project.dir/Users/mgonzalez506/pico-sdk/src/common/pico_time/time.c.obj
 .text.add_alarm_under_lock.isra.0
                0x0000000010001258      0x100 CMakeFiles/project.dir/Users/mgonzalez506/pico-sdk/src/common/pico_time/time.c.obj
 .text.alarm_pool_alarm_callback
                0x0000000010001358      0x1c8 CMakeFiles/project.dir/Users/mgonzalez506/pico-sdk/src/common/pico_time/time.c.obj
 .text.alarm_pool_add_alarm_at.constprop.0
                0x0000000010001520      0x11c CMakeFiles/project.dir/Users/mgonzalez506/pico-sdk/src/common/pico_time/time.c.obj
 .text.alarm_pool_init_default
                0x000000001000163c       0x64 CMakeFiles/project.dir/Users/mgonzalez506/pico-sdk/src/common/pico_time/time.c.obj
                0x000000001000163c                alarm_pool_init_default
 .text.alarm_pool_get_default
                0x00000000100016a0        0x8 CMakeFiles/project.dir/Users/mgonzalez506/pico-sdk/src/common/pico_time/time.c.obj
                0x00000000100016a0                alarm_pool_get_default
 .text.alarm_pool_add_alarm_at
                0x00000000100016a8      0x194 CMakeFiles/project.dir/Users/mgonzalez506/pico-sdk/src/common/pico_time/time.c.obj
                0x00000000100016a8                alarm_pool_add_alarm_at
 .text.sleep_until
                0x000000001000183c       0xac CMakeFiles/project.dir/Users/mgonzalez506/pico-sdk/src/common/pico_time/time.c.obj
                0x000000001000183c                sleep_until
 .text.sleep_ms
                0x00000000100018e8       0x38 CMakeFiles/project.dir/Users/mgonzalez506/pico-sdk/src/common/pico_time/time.c.obj
                0x00000000100018e8                sleep_ms
 .text.best_effort_wfe_or_timeout
                0x0000000010001920       0xd4 CMakeFiles/project.dir/Users/mgonzalez506/pico-sdk/src/common/pico_time/time.c.obj
                0x0000000010001920                best_effort_wfe_or_timeout
 .text.hardware_alarm_irq_handler
                0x00000000100019f4       0xb8 CMakeFiles/project.dir/Users/mgonzalez506/pico-sdk/src/rp2_common/hardware_timer/timer.c.obj
 .text.hardware_alarm_claim
                0x0000000010001aac       0x18 CMakeFiles/project.dir/Users/mgonzalez506/pico-sdk/src/rp2_common/hardware_timer/timer.c.obj
                0x0000000010001aac                hardware_alarm_claim
 .text.time_us_64
                0x0000000010001ac4       0x14 CMakeFiles/project.dir/Users/mgonzalez506/pico-sdk/src/rp2_common/hardware_timer/timer.c.obj
                0x0000000010001ac4                time_us_64
 .text.busy_wait_until
                0x0000000010001ad8       0x20 CMakeFiles/project.dir/Users/mgonzalez506/pico-sdk/src/rp2_common/hardware_timer/timer.c.obj
                0x0000000010001ad8                busy_wait_until
 .text.hardware_alarm_set_callback
                0x0000000010001af8       0x8c CMakeFiles/project.dir/Users/mgonzalez506/pico-sdk/src/rp2_common/hardware_timer/timer.c.obj
                0x0000000010001af8                hardware_alarm_set_callback
 .text.hardware_alarm_set_target
                0x0000000010001b84       0xe0 CMakeFiles/project.dir/Users/mgonzalez506/pico-sdk/src/rp2_common/hardware_timer/timer.c.obj
                0x0000000010001b84                hardware_alarm_set_target
 .text.hardware_alarm_cancel
                0x0000000010001c64       0x3c CMakeFiles/project.dir/Users/mgonzalez506/pico-sdk/src/rp2_common/hardware_timer/timer.c.obj
                0x0000000010001c64                hardware_alarm_cancel
 .text.ph_merge_nodes
                0x0000000010001ca0       0x68 CMakeFiles/project.dir/Users/mgonzalez506/pico-sdk/src/common/pico_util/pheap.c.obj
 .text.ph_post_alloc_init
                0x0000000010001d08       0x3c CMakeFiles/project.dir/Users/mgonzalez506/pico-sdk/src/common/pico_util/pheap.c.obj
                0x0000000010001d08                ph_post_alloc_init
 .text.ph_merge_two_pass
                0x0000000010001d44       0x90 CMakeFiles/project.dir/Users/mgonzalez506/pico-sdk/src/common/pico_util/pheap.c.obj
                0x0000000010001d44                ph_merge_two_pass
 .text.ph_remove_any_head
                0x0000000010001dd4       0xf8 CMakeFiles/project.dir/Users/mgonzalez506/pico-sdk/src/common/pico_util/pheap.c.obj
 .text.ph_remove_head
                0x0000000010001ecc       0xfc CMakeFiles/project.dir/Users/mgonzalez506/pico-sdk/src/common/pico_util/pheap.c.obj
                0x0000000010001ecc                ph_remove_head
 .text.ph_remove_and_free_node
                0x0000000010001fc8       0x7c CMakeFiles/project.dir/Users/mgonzalez506/pico-sdk/src/common/pico_util/pheap.c.obj
                0x0000000010001fc8                ph_remove_and_free_node
 .text.mutex_init
                0x0000000010002044       0x1c CMakeFiles/project.dir/Users/mgonzalez506/pico-sdk/src/common/pico_sync/mutex.c.obj
                0x0000000010002044                mutex_init
 .text.recursive_mutex_init
                0x0000000010002060       0x1c CMakeFiles/project.dir/Users/mgonzalez506/pico-sdk/src/common/pico_sync/mutex.c.obj
                0x0000000010002060                recursive_mutex_init
 .text.critical_section_init
                0x000000001000207c       0x20 CMakeFiles/project.dir/Users/mgonzalez506/pico-sdk/src/common/pico_sync/critical_section.c.obj
                0x000000001000207c                critical_section_init
 .text.uart_init
                0x000000001000209c       0xe0 CMakeFiles/project.dir/Users/mgonzalez506/pico-sdk/src/rp2_common/hardware_uart/uart.c.obj
                0x000000001000209c                uart_init
 .text.runtime_init
                0x000000001000217c       0xf0 CMakeFiles/project.dir/Users/mgonzalez506/pico-sdk/src/rp2_common/pico_runtime/runtime.c.obj
                0x000000001000217c                runtime_init
 .text.exit     0x000000001000226c        0x4 CMakeFiles/project.dir/Users/mgonzalez506/pico-sdk/src/rp2_common/pico_runtime/runtime.c.obj
                0x000000001000226c                exit
 .text.panic    0x0000000010002270       0x30 CMakeFiles/project.dir/Users/mgonzalez506/pico-sdk/src/rp2_common/pico_runtime/runtime.c.obj
                0x0000000010002270                panic
 .text.hard_assertion_failure
                0x00000000100022a0        0xc CMakeFiles/project.dir/Users/mgonzalez506/pico-sdk/src/rp2_common/pico_runtime/runtime.c.obj
                0x00000000100022a0                hard_assertion_failure
 .text.clocks_init
                0x00000000100022ac      0x2bc CMakeFiles/project.dir/Users/mgonzalez506/pico-sdk/src/rp2_common/hardware_clocks/clocks.c.obj
                0x00000000100022ac                clocks_init
 .text.clock_get_hz
                0x0000000010002568        0xc CMakeFiles/project.dir/Users/mgonzalez506/pico-sdk/src/rp2_common/hardware_clocks/clocks.c.obj
                0x0000000010002568                clock_get_hz
 .text.pll_init
                0x0000000010002574       0xb0 CMakeFiles/project.dir/Users/mgonzalez506/pico-sdk/src/rp2_common/hardware_pll/pll.c.obj
                0x0000000010002574                pll_init
 .text.watchdog_start_tick
                0x0000000010002624       0x10 CMakeFiles/project.dir/Users/mgonzalez506/pico-sdk/src/rp2_common/hardware_watchdog/watchdog.c.obj
                0x0000000010002624                watchdog_start_tick
 .text.watchdog_reboot
                0x0000000010002634       0x98 CMakeFiles/project.dir/Users/mgonzalez506/pico-sdk/src/rp2_common/hardware_watchdog/watchdog.c.obj
                0x0000000010002634                watchdog_reboot
 .text.xosc_init
                0x00000000100026cc       0x28 CMakeFiles/project.dir/Users/mgonzalez506/pico-sdk/src/rp2_common/hardware_xosc/xosc.c.obj
                0x00000000100026cc                xosc_init
 .text._out_null
                0x00000000100026f4        0x4 CMakeFiles/project.dir/Users/mgonzalez506/pico-sdk/src/rp2_common/pico_printf/printf.c.obj
 .text._out_rev
                0x00000000100026f8       0x9c CMakeFiles/project.dir/Users/mgonzalez506/pico-sdk/src/rp2_common/pico_printf/printf.c.obj
 .text._ntoa_format
                0x0000000010002794      0x1cc CMakeFiles/project.dir/Users/mgonzalez506/pico-sdk/src/rp2_common/pico_printf/printf.c.obj
 .text._out_char
                0x0000000010002960       0x10 CMakeFiles/project.dir/Users/mgonzalez506/pico-sdk/src/rp2_common/pico_printf/printf.c.obj
 .text._out_fct
                0x0000000010002970       0x10 CMakeFiles/project.dir/Users/mgonzalez506/pico-sdk/src/rp2_common/pico_printf/printf.c.obj
 .text._etoa    0x0000000010002980      0x44c CMakeFiles/project.dir/Users/mgonzalez506/pico-sdk/src/rp2_common/pico_printf/printf.c.obj
 .text._ftoa    0x0000000010002dcc      0x398 CMakeFiles/project.dir/Users/mgonzalez506/pico-sdk/src/rp2_common/pico_printf/printf.c.obj
 .text._vsnprintf
                0x0000000010003164      0xb04 CMakeFiles/project.dir/Users/mgonzalez506/pico-sdk/src/rp2_common/pico_printf/printf.c.obj
 .text.vfctprintf
                0x0000000010003c68       0x20 CMakeFiles/project.dir/Users/mgonzalez506/pico-sdk/src/rp2_common/pico_printf/printf.c.obj
                0x0000000010003c68                vfctprintf
 .text.weak_raw_vprintf
                0x0000000010003c88       0x30 CMakeFiles/project.dir/Users/mgonzalez506/pico-sdk/src/rp2_common/pico_printf/printf.c.obj
                0x0000000010003c88                weak_raw_vprintf
 .text          0x0000000010003cb8       0x10 CMakeFiles/project.dir/Users/mgonzalez506/pico-sdk/src/rp2_common/pico_bit_ops/bit_ops_aeabi.S.obj
 .text.rom_func_lookup
                0x0000000010003cc8       0x10 CMakeFiles/project.dir/Users/mgonzalez506/pico-sdk/src/rp2_common/pico_bootrom/bootrom.c.obj
                0x0000000010003cc8                rom_func_lookup
 .text.rom_data_lookup
                0x0000000010003cd8       0x10 CMakeFiles/project.dir/Users/mgonzalez506/pico-sdk/src/rp2_common/pico_bootrom/bootrom.c.obj
                0x0000000010003cd8                rom_data_lookup
 .text.rom_funcs_lookup
                0x0000000010003ce8       0x44 CMakeFiles/project.dir/Users/mgonzalez506/pico-sdk/src/rp2_common/pico_bootrom/bootrom.c.obj
                0x0000000010003ce8                rom_funcs_lookup
 .text.__wrap___aeabi_idiv
                0x0000000010003d2c       0x50 CMakeFiles/project.dir/Users/mgonzalez506/pico-sdk/src/rp2_common/pico_divider/divider.S.obj
                0x0000000010003d2c                __wrap___aeabi_idivmod
                0x0000000010003d2c                divmod_s32s32
                0x0000000010003d2c                div_s32s32
                0x0000000010003d2c                __wrap___aeabi_idiv
                0x0000000010003d34                divmod_s32s32_unsafe
                0x0000000010003d60                divmod_s32s32_savestate
 .text.__wrap___aeabi_uidiv
                0x0000000010003d7c       0x4c CMakeFiles/project.dir/Users/mgonzalez506/pico-sdk/src/rp2_common/pico_divider/divider.S.obj
                0x0000000010003d7c                __wrap___aeabi_uidiv
                0x0000000010003d7c                __wrap___aeabi_uidivmod
                0x0000000010003d7c                div_u32u32
                0x0000000010003d7c                divmod_u32u32
                0x0000000010003d84                divmod_u32u32_unsafe
                0x0000000010003dac                divmod_u32u32_savestate
 .text.__wrap___aeabi_ldiv
                0x0000000010003dc8      0x434 CMakeFiles/project.dir/Users/mgonzalez506/pico-sdk/src/rp2_common/pico_divider/divider.S.obj
                0x0000000010003dc8                __wrap___aeabi_ldivmod
                0x0000000010003dc8                div_s64s64
                0x0000000010003dc8                divmod_s64s64
                0x0000000010003e00                divmod_u64u64
                0x0000000010003e00                div_u64u64
                0x0000000010003e00                __wrap___aeabi_uldivmod
                0x0000000010003e10                divmod_u64u64_savestate
                0x0000000010003e38                divmod_s64s64_unsafe
                0x0000000010003ec0                divmod_u64u64_unsafe
 .text.__wrap___aeabi_darithmetic
                0x00000000100041fc       0x80 CMakeFiles/project.dir/Users/mgonzalez506/pico-sdk/src/rp2_common/pico_double/double_aeabi.S.obj
                0x00000000100041fc                __wrap___aeabi_drsub
                0x0000000010004202                __wrap___aeabi_dsub
                0x0000000010004214                __wrap___aeabi_dadd
                0x0000000010004226                __wrap___aeabi_ddiv
                0x0000000010004262                __wrap___aeabi_dmul
 .text.__wrap___aeabi_cdcmple
                0x000000001000427c       0x6c CMakeFiles/project.dir/Users/mgonzalez506/pico-sdk/src/rp2_common/pico_double/double_aeabi.S.obj
                0x000000001000427c                __wrap___aeabi_cdrcmple
                0x000000001000428c                __wrap___aeabi_cdcmple
                0x000000001000428c                __wrap___aeabi_cdcmpeq
 .text.__wrap___aeabi_dcmplt
                0x00000000100042e8        0xc CMakeFiles/project.dir/Users/mgonzalez506/pico-sdk/src/rp2_common/pico_double/double_aeabi.S.obj
                0x00000000100042e8                __wrap___aeabi_dcmplt
 .text.__wrap___aeabi_dcmple
                0x00000000100042f4       0x10 CMakeFiles/project.dir/Users/mgonzalez506/pico-sdk/src/rp2_common/pico_double/double_aeabi.S.obj
                0x00000000100042f4                __wrap___aeabi_dcmple
 .text.__wrap___aeabi_dcmpge
                0x0000000010004304       0x10 CMakeFiles/project.dir/Users/mgonzalez506/pico-sdk/src/rp2_common/pico_double/double_aeabi.S.obj
                0x0000000010004304                __wrap___aeabi_dcmpge
 .text.__wrap___aeabi_dcmpgt
                0x0000000010004314        0xa CMakeFiles/project.dir/Users/mgonzalez506/pico-sdk/src/rp2_common/pico_double/double_aeabi.S.obj
                0x0000000010004314                __wrap___aeabi_dcmpgt
 .text.__wrap___aeabi_dcmpun
                0x000000001000431e       0x1c CMakeFiles/project.dir/Users/mgonzalez506/pico-sdk/src/rp2_common/pico_double/double_aeabi.S.obj
                0x000000001000431e                __wrap___aeabi_dcmpun
 *fill*         0x000000001000433a        0x2 
 .text.__wrap___aeabi_i2d
                0x000000001000433c       0x38 CMakeFiles/project.dir/Users/mgonzalez506/pico-sdk/src/rp2_common/pico_double/double_aeabi.S.obj
                0x000000001000433c                __wrap___aeabi_ui2d
                0x0000000010004344                __wrap___aeabi_i2d
 .text.__wrap___aeabi_d2iz
                0x0000000010004374       0x48 CMakeFiles/project.dir/Users/mgonzalez506/pico-sdk/src/rp2_common/pico_double/double_aeabi.S.obj
                0x0000000010004374                __wrap___aeabi_d2iz
                0x0000000010004374                double2int_z
 .text.__wrap___aeabi_d2uiz
                0x00000000100043bc       0x18 CMakeFiles/project.dir/Users/mgonzalez506/pico-sdk/src/rp2_common/pico_double/double_aeabi.S.obj
                0x00000000100043bc                double2uint
                0x00000000100043bc                __wrap___aeabi_d2uiz
 .text.__aeabi_double_init
                0x00000000100043d4       0x94 CMakeFiles/project.dir/Users/mgonzalez506/pico-sdk/src/rp2_common/pico_double/double_init_rom.c.obj
                0x00000000100043d4                __aeabi_double_init
 .text.double_table_shim_on_use_helper
                0x0000000010004468       0x2c CMakeFiles/project.dir/Users/mgonzalez506/pico-sdk/src/rp2_common/pico_double/double_v1_rom_shim.S.obj
                0x0000000010004468                double_table_shim_on_use_helper
 .text.__wrap___aeabi_dsub
                0x0000000010004494       0x10 CMakeFiles/project.dir/Users/mgonzalez506/pico-sdk/src/rp2_common/pico_double/double_v1_rom_shim.S.obj
                0x0000000010004494                drsub_shim
                0x000000001000449a                dsub_shim
 .text.dadd_shim
                0x00000000100044a4      0x15c CMakeFiles/project.dir/Users/mgonzalez506/pico-sdk/src/rp2_common/pico_double/double_v1_rom_shim.S.obj
                0x00000000100044a4                dadd_shim
 .text.dmul_shim
                0x0000000010004600      0x15c CMakeFiles/project.dir/Users/mgonzalez506/pico-sdk/src/rp2_common/pico_double/double_v1_rom_shim.S.obj
                0x0000000010004600                dmul_shim
 .text.ddiv_shim
                0x000000001000475c      0x1b0 CMakeFiles/project.dir/Users/mgonzalez506/pico-sdk/src/rp2_common/pico_double/double_v1_rom_shim.S.obj
                0x000000001000475c                ddiv_shim
 .text.double2uint_shim
                0x000000001000490c        0xe CMakeFiles/project.dir/Users/mgonzalez506/pico-sdk/src/rp2_common/pico_double/double_v1_rom_shim.S.obj
                0x000000001000490c                double2uint_shim
                0x000000001000490e                double2ufix_shim
 *fill*         0x000000001000491a        0x2 
 .text.double2uint64_shim
                0x000000001000491c       0x70 CMakeFiles/project.dir/Users/mgonzalez506/pico-sdk/src/rp2_common/pico_double/double_v1_rom_shim.S.obj
                0x000000001000491c                double2uint64_shim
                0x000000001000491e                double2ufix64_shim
                0x000000001000493e                d2fix_a
 .text.dunpacks
                0x000000001000498c       0x3c CMakeFiles/project.dir/Users/mgonzalez506/pico-sdk/src/rp2_common/pico_double/double_v1_rom_shim.S.obj
                0x000000001000498c                dunpacks
 .text.__aeabi_lmul
                0x00000000100049c8       0x32 CMakeFiles/project.dir/Users/mgonzalez506/pico-sdk/src/rp2_common/pico_int64_ops/pico_int64_ops_aeabi.S.obj
                0x00000000100049c8                __wrap___aeabi_lmul
 *fill*         0x00000000100049fa        0x2 
 .text.__aeabi_float_init
                0x00000000100049fc       0x64 CMakeFiles/project.dir/Users/mgonzalez506/pico-sdk/src/rp2_common/pico_float/float_init_rom.c.obj
                0x00000000100049fc                __aeabi_float_init
 .text.float_table_shim_on_use_helper
                0x0000000010004a60       0x2c CMakeFiles/project.dir/Users/mgonzalez506/pico-sdk/src/rp2_common/pico_float/float_v1_rom_shim.S.obj
                0x0000000010004a60                float_table_shim_on_use_helper
 .text          0x0000000010004a8c       0x10 CMakeFiles/project.dir/Users/mgonzalez506/pico-sdk/src/rp2_common/pico_mem_ops/mem_ops_aeabi.S.obj
                0x0000000010004a8c                __aeabi_mem_init
 .text.memset   0x0000000010004a9c        0xc CMakeFiles/project.dir/Users/mgonzalez506/pico-sdk/src/rp2_common/pico_mem_ops/mem_ops_aeabi.S.obj
                0x0000000010004a9c                __wrap_memset
 .text.memcpy   0x0000000010004aa8        0xc CMakeFiles/project.dir/Users/mgonzalez506/pico-sdk/src/rp2_common/pico_mem_ops/mem_ops_aeabi.S.obj
                0x0000000010004aa8                __wrap___aeabi_memcpy
                0x0000000010004aa8                __wrap_memcpy
 .text.stdio_out_chars_no_crlf
                0x0000000010004ab4       0x10 CMakeFiles/project.dir/Users/mgonzalez506/pico-sdk/src/rp2_common/pico_stdio/stdio.c.obj
 .text.stdio_out_chars_crlf
                0x0000000010004ac4       0xb4 CMakeFiles/project.dir/Users/mgonzalez506/pico-sdk/src/rp2_common/pico_stdio/stdio.c.obj
 .text.stdio_buffered_printer
                0x0000000010004b78       0x64 CMakeFiles/project.dir/Users/mgonzalez506/pico-sdk/src/rp2_common/pico_stdio/stdio.c.obj
 .text.stdio_put_string.isra.0
                0x0000000010004bdc       0xfc CMakeFiles/project.dir/Users/mgonzalez506/pico-sdk/src/rp2_common/pico_stdio/stdio.c.obj
 .text.__wrap_putchar
                0x0000000010004cd8       0xa0 CMakeFiles/project.dir/Users/mgonzalez506/pico-sdk/src/rp2_common/pico_stdio/stdio.c.obj
                0x0000000010004cd8                __wrap_putchar
 .text.__wrap_puts
                0x0000000010004d78       0x3c CMakeFiles/project.dir/Users/mgonzalez506/pico-sdk/src/rp2_common/pico_stdio/stdio.c.obj
                0x0000000010004d78                __wrap_puts
 .text.stdio_set_driver_enabled
                0x0000000010004db4       0x30 CMakeFiles/project.dir/Users/mgonzalez506/pico-sdk/src/rp2_common/pico_stdio/stdio.c.obj
                0x0000000010004db4                stdio_set_driver_enabled
 .text.__wrap_vprintf
                0x0000000010004de4       0xd8 CMakeFiles/project.dir/Users/mgonzalez506/pico-sdk/src/rp2_common/pico_stdio/stdio.c.obj
                0x0000000010004de4                __wrap_vprintf
 .text.__wrap_printf
                0x0000000010004ebc       0x18 CMakeFiles/project.dir/Users/mgonzalez506/pico-sdk/src/rp2_common/pico_stdio/stdio.c.obj
                0x0000000010004ebc                __wrap_printf
 .text.stdio_init_all
                0x0000000010004ed4        0xc CMakeFiles/project.dir/Users/mgonzalez506/pico-sdk/src/rp2_common/pico_stdio/stdio.c.obj
                0x0000000010004ed4                stdio_init_all
 .text.stdio_uart_out_chars
                0x0000000010004ee0       0x4c CMakeFiles/project.dir/Users/mgonzalez506/pico-sdk/src/rp2_common/pico_stdio_uart/stdio_uart.c.obj
 .text.stdio_uart_in_chars
                0x0000000010004f2c       0x38 CMakeFiles/project.dir/Users/mgonzalez506/pico-sdk/src/rp2_common/pico_stdio_uart/stdio_uart.c.obj
                0x0000000010004f2c                stdio_uart_in_chars
 .text.stdio_uart_init
                0x0000000010004f64       0x48 CMakeFiles/project.dir/Users/mgonzalez506/pico-sdk/src/rp2_common/pico_stdio_uart/stdio_uart.c.obj
                0x0000000010004f64                stdio_uart_init
 .text.resetd_init
                0x0000000010004fac        0x4 CMakeFiles/project.dir/Users/mgonzalez506/pico-sdk/src/rp2_common/pico_stdio_usb/reset_interface.c.obj
 .text.resetd_reset
                0x0000000010004fb0        0xc CMakeFiles/project.dir/Users/mgonzalez506/pico-sdk/src/rp2_common/pico_stdio_usb/reset_interface.c.obj
 .text.resetd_open
                0x0000000010004fbc       0x28 CMakeFiles/project.dir/Users/mgonzalez506/pico-sdk/src/rp2_common/pico_stdio_usb/reset_interface.c.obj
 .text.resetd_xfer_cb
                0x0000000010004fe4        0x4 CMakeFiles/project.dir/Users/mgonzalez506/pico-sdk/src/rp2_common/pico_stdio_usb/reset_interface.c.obj
 .text.resetd_control_xfer_cb
                0x0000000010004fe8       0x64 CMakeFiles/project.dir/Users/mgonzalez506/pico-sdk/src/rp2_common/pico_stdio_usb/reset_interface.c.obj
 .text.usbd_app_driver_get_cb
                0x000000001000504c        0xc CMakeFiles/project.dir/Users/mgonzalez506/pico-sdk/src/rp2_common/pico_stdio_usb/reset_interface.c.obj
                0x000000001000504c                usbd_app_driver_get_cb
 .text.tud_cdc_line_coding_cb
                0x0000000010005058       0x34 CMakeFiles/project.dir/Users/mgonzalez506/pico-sdk/src/rp2_common/pico_stdio_usb/reset_interface.c.obj
                0x0000000010005058                tud_cdc_line_coding_cb
 .text.stdio_usb_in_chars
                0x000000001000508c       0x68 CMakeFiles/project.dir/Users/mgonzalez506/pico-sdk/src/rp2_common/pico_stdio_usb/stdio_usb.c.obj
                0x000000001000508c                stdio_usb_in_chars
 .text.stdio_usb_out_chars
                0x00000000100050f4       0xe4 CMakeFiles/project.dir/Users/mgonzalez506/pico-sdk/src/rp2_common/pico_stdio_usb/stdio_usb.c.obj
 .text.timer_task
                0x00000000100051d8       0x18 CMakeFiles/project.dir/Users/mgonzalez506/pico-sdk/src/rp2_common/pico_stdio_usb/stdio_usb.c.obj
 .text.usb_irq  0x00000000100051f0       0x10 CMakeFiles/project.dir/Users/mgonzalez506/pico-sdk/src/rp2_common/pico_stdio_usb/stdio_usb.c.obj
 .text.low_priority_worker_irq
                0x0000000010005200       0x24 CMakeFiles/project.dir/Users/mgonzalez506/pico-sdk/src/rp2_common/pico_stdio_usb/stdio_usb.c.obj
 .text.stdio_usb_init
                0x0000000010005224       0xb0 CMakeFiles/project.dir/Users/mgonzalez506/pico-sdk/src/rp2_common/pico_stdio_usb/stdio_usb.c.obj
                0x0000000010005224                stdio_usb_init
 .text.tud_descriptor_device_cb
                0x00000000100052d4        0x8 CMakeFiles/project.dir/Users/mgonzalez506/pico-sdk/src/rp2_common/pico_stdio_usb/stdio_usb_descriptors.c.obj
                0x00000000100052d4                tud_descriptor_device_cb
 .text.tud_descriptor_configuration_cb
                0x00000000100052dc        0x8 CMakeFiles/project.dir/Users/mgonzalez506/pico-sdk/src/rp2_common/pico_stdio_usb/stdio_usb_descriptors.c.obj
                0x00000000100052dc                tud_descriptor_configuration_cb
 .text.tud_descriptor_string_cb
                0x00000000100052e4       0x74 CMakeFiles/project.dir/Users/mgonzalez506/pico-sdk/src/rp2_common/pico_stdio_usb/stdio_usb_descriptors.c.obj
                0x00000000100052e4                tud_descriptor_string_cb
 .text.dcd_rp2040_irq
                0x0000000010005358      0x21c CMakeFiles/project.dir/Users/mgonzalez506/pico-sdk/lib/tinyusb/src/portable/raspberrypi/rp2040/dcd_rp2040.c.obj
 .text.dcd_int_enable
                0x0000000010005574        0xc CMakeFiles/project.dir/Users/mgonzalez506/pico-sdk/lib/tinyusb/src/portable/raspberrypi/rp2040/dcd_rp2040.c.obj
                0x0000000010005574                dcd_int_enable
 .text.dcd_set_address
                0x0000000010005580       0x14 CMakeFiles/project.dir/Users/mgonzalez506/pico-sdk/lib/tinyusb/src/portable/raspberrypi/rp2040/dcd_rp2040.c.obj
                0x0000000010005580                dcd_set_address
 .text.dcd_connect
                0x0000000010005594       0x10 CMakeFiles/project.dir/Users/mgonzalez506/pico-sdk/lib/tinyusb/src/portable/raspberrypi/rp2040/dcd_rp2040.c.obj
                0x0000000010005594                dcd_connect
 .text.dcd_init
                0x00000000100055a4      0x144 CMakeFiles/project.dir/Users/mgonzalez506/pico-sdk/lib/tinyusb/src/portable/raspberrypi/rp2040/dcd_rp2040.c.obj
                0x00000000100055a4                dcd_init
 .text.dcd_edpt0_status_complete
                0x00000000100056e8       0x1c CMakeFiles/project.dir/Users/mgonzalez506/pico-sdk/lib/tinyusb/src/portable/raspberrypi/rp2040/dcd_rp2040.c.obj
                0x00000000100056e8                dcd_edpt0_status_complete
 .text.dcd_edpt_open
                0x0000000010005704       0xf0 CMakeFiles/project.dir/Users/mgonzalez506/pico-sdk/lib/tinyusb/src/portable/raspberrypi/rp2040/dcd_rp2040.c.obj
                0x0000000010005704                dcd_edpt_open
 .text.dcd_edpt_close_all
                0x00000000100057f4       0xbc CMakeFiles/project.dir/Users/mgonzalez506/pico-sdk/lib/tinyusb/src/portable/raspberrypi/rp2040/dcd_rp2040.c.obj
                0x00000000100057f4                dcd_edpt_close_all
 .text.dcd_edpt_xfer
                0x00000000100058b0       0x24 CMakeFiles/project.dir/Users/mgonzalez506/pico-sdk/lib/tinyusb/src/portable/raspberrypi/rp2040/dcd_rp2040.c.obj
                0x00000000100058b0                dcd_edpt_xfer
 .text.dcd_edpt_stall
                0x00000000100058d4       0x38 CMakeFiles/project.dir/Users/mgonzalez506/pico-sdk/lib/tinyusb/src/portable/raspberrypi/rp2040/dcd_rp2040.c.obj
                0x00000000100058d4                dcd_edpt_stall
 .text.dcd_edpt_clear_stall
                0x000000001000590c       0x30 CMakeFiles/project.dir/Users/mgonzalez506/pico-sdk/lib/tinyusb/src/portable/raspberrypi/rp2040/dcd_rp2040.c.obj
                0x000000001000590c                dcd_edpt_clear_stall
 .text._hw_endpoint_buffer_control_update32.part.0.isra.0
                0x000000001000593c       0x1c CMakeFiles/project.dir/Users/mgonzalez506/pico-sdk/lib/tinyusb/src/portable/raspberrypi/rp2040/rp2040_usb.c.obj
 .text.rp2040_usb_init
                0x0000000010005958       0x4c CMakeFiles/project.dir/Users/mgonzalez506/pico-sdk/lib/tinyusb/src/portable/raspberrypi/rp2040/rp2040_usb.c.obj
                0x0000000010005958                rp2040_usb_init
 .text.hw_endpoint_reset_transfer
                0x00000000100059a4        0xc CMakeFiles/project.dir/Users/mgonzalez506/pico-sdk/lib/tinyusb/src/portable/raspberrypi/rp2040/rp2040_usb.c.obj
                0x00000000100059a4                hw_endpoint_reset_transfer
 .text._hw_endpoint_buffer_control_update32
                0x00000000100059b0       0x44 CMakeFiles/project.dir/Users/mgonzalez506/pico-sdk/lib/tinyusb/src/portable/raspberrypi/rp2040/rp2040_usb.c.obj
                0x00000000100059b0                _hw_endpoint_buffer_control_update32
 .text.hw_endpoint_xfer_start
                0x00000000100059f4      0x138 CMakeFiles/project.dir/Users/mgonzalez506/pico-sdk/lib/tinyusb/src/portable/raspberrypi/rp2040/rp2040_usb.c.obj
                0x00000000100059f4                hw_endpoint_xfer_start
 .text.hw_endpoint_xfer_continue
                0x0000000010005b2c      0x1e4 CMakeFiles/project.dir/Users/mgonzalez506/pico-sdk/lib/tinyusb/src/portable/raspberrypi/rp2040/rp2040_usb.c.obj
                0x0000000010005b2c                hw_endpoint_xfer_continue
 .text.tud_mounted
                0x0000000010005d10       0x10 CMakeFiles/project.dir/Users/mgonzalez506/pico-sdk/lib/tinyusb/src/device/usbd.c.obj
                0x0000000010005d10                tud_mounted
 .text.tud_suspended
                0x0000000010005d20       0x10 CMakeFiles/project.dir/Users/mgonzalez506/pico-sdk/lib/tinyusb/src/device/usbd.c.obj
                0x0000000010005d20                tud_suspended
 .text.tud_inited
                0x0000000010005d30        0xc CMakeFiles/project.dir/Users/mgonzalez506/pico-sdk/lib/tinyusb/src/device/usbd.c.obj
                0x0000000010005d30                tud_inited
 .text.tud_init
                0x0000000010005d3c       0xd8 CMakeFiles/project.dir/Users/mgonzalez506/pico-sdk/lib/tinyusb/src/device/usbd.c.obj
                0x0000000010005d3c                tud_init
 .text.tud_task
                0x0000000010005e14      0x8ec CMakeFiles/project.dir/Users/mgonzalez506/pico-sdk/lib/tinyusb/src/device/usbd.c.obj
                0x0000000010005e14                tud_task
 .text.dcd_event_bus_signal
                0x0000000010006700      0x120 CMakeFiles/project.dir/Users/mgonzalez506/pico-sdk/lib/tinyusb/src/device/usbd.c.obj
                0x0000000010006700                dcd_event_bus_signal
 .text.dcd_event_bus_reset
                0x0000000010006820       0x54 CMakeFiles/project.dir/Users/mgonzalez506/pico-sdk/lib/tinyusb/src/device/usbd.c.obj
                0x0000000010006820                dcd_event_bus_reset
 .text.dcd_event_setup_received
                0x0000000010006874       0x50 CMakeFiles/project.dir/Users/mgonzalez506/pico-sdk/lib/tinyusb/src/device/usbd.c.obj
                0x0000000010006874                dcd_event_setup_received
 .text.dcd_event_xfer_complete
                0x00000000100068c4       0x68 CMakeFiles/project.dir/Users/mgonzalez506/pico-sdk/lib/tinyusb/src/device/usbd.c.obj
                0x00000000100068c4                dcd_event_xfer_complete
 .text.usbd_open_edpt_pair
                0x000000001000692c       0x80 CMakeFiles/project.dir/Users/mgonzalez506/pico-sdk/lib/tinyusb/src/device/usbd.c.obj
                0x000000001000692c                usbd_open_edpt_pair
 .text.usbd_edpt_open
                0x00000000100069ac       0x30 CMakeFiles/project.dir/Users/mgonzalez506/pico-sdk/lib/tinyusb/src/device/usbd.c.obj
                0x00000000100069ac                usbd_edpt_open
 .text.usbd_edpt_claim
                0x00000000100069dc       0x64 CMakeFiles/project.dir/Users/mgonzalez506/pico-sdk/lib/tinyusb/src/device/usbd.c.obj
                0x00000000100069dc                usbd_edpt_claim
 .text.usbd_edpt_release
                0x0000000010006a40       0x4c CMakeFiles/project.dir/Users/mgonzalez506/pico-sdk/lib/tinyusb/src/device/usbd.c.obj
                0x0000000010006a40                usbd_edpt_release
 .text.usbd_edpt_xfer
                0x0000000010006a8c       0x48 CMakeFiles/project.dir/Users/mgonzalez506/pico-sdk/lib/tinyusb/src/device/usbd.c.obj
                0x0000000010006a8c                usbd_edpt_xfer
 .text.tud_control_status
                0x0000000010006ad4       0x30 CMakeFiles/project.dir/Users/mgonzalez506/pico-sdk/lib/tinyusb/src/device/usbd_control.c.obj
                0x0000000010006ad4                tud_control_status
 .text.tud_control_xfer
                0x0000000010006b04       0xbc CMakeFiles/project.dir/Users/mgonzalez506/pico-sdk/lib/tinyusb/src/device/usbd_control.c.obj
                0x0000000010006b04                tud_control_xfer
 .text.usbd_control_reset
                0x0000000010006bc0       0x14 CMakeFiles/project.dir/Users/mgonzalez506/pico-sdk/lib/tinyusb/src/device/usbd_control.c.obj
                0x0000000010006bc0                usbd_control_reset
 .text.usbd_control_set_complete_callback
                0x0000000010006bd4        0xc CMakeFiles/project.dir/Users/mgonzalez506/pico-sdk/lib/tinyusb/src/device/usbd_control.c.obj
                0x0000000010006bd4                usbd_control_set_complete_callback
 .text.usbd_control_set_request
                0x0000000010006be0       0x1c CMakeFiles/project.dir/Users/mgonzalez506/pico-sdk/lib/tinyusb/src/device/usbd_control.c.obj
                0x0000000010006be0                usbd_control_set_request
 .text.usbd_control_xfer_cb
                0x0000000010006bfc       0xfc CMakeFiles/project.dir/Users/mgonzalez506/pico-sdk/lib/tinyusb/src/device/usbd_control.c.obj
                0x0000000010006bfc                usbd_control_xfer_cb
 .text.tud_cdc_n_connected
                0x0000000010006cf8       0x30 CMakeFiles/project.dir/Users/mgonzalez506/pico-sdk/lib/tinyusb/src/class/cdc/cdc_device.c.obj
                0x0000000010006cf8                tud_cdc_n_connected
 .text.tud_cdc_n_available
                0x0000000010006d28       0x18 CMakeFiles/project.dir/Users/mgonzalez506/pico-sdk/lib/tinyusb/src/class/cdc/cdc_device.c.obj
                0x0000000010006d28                tud_cdc_n_available
 .text.tud_cdc_n_read
                0x0000000010006d40       0x70 CMakeFiles/project.dir/Users/mgonzalez506/pico-sdk/lib/tinyusb/src/class/cdc/cdc_device.c.obj
                0x0000000010006d40                tud_cdc_n_read
 .text.tud_cdc_n_write_flush
                0x0000000010006db0       0x78 CMakeFiles/project.dir/Users/mgonzalez506/pico-sdk/lib/tinyusb/src/class/cdc/cdc_device.c.obj
                0x0000000010006db0                tud_cdc_n_write_flush
 .text.tud_cdc_n_write
                0x0000000010006e28       0x34 CMakeFiles/project.dir/Users/mgonzalez506/pico-sdk/lib/tinyusb/src/class/cdc/cdc_device.c.obj
                0x0000000010006e28                tud_cdc_n_write
 .text.tud_cdc_n_write_available
                0x0000000010006e5c       0x18 CMakeFiles/project.dir/Users/mgonzalez506/pico-sdk/lib/tinyusb/src/class/cdc/cdc_device.c.obj
                0x0000000010006e5c                tud_cdc_n_write_available
 .text.cdcd_init
                0x0000000010006e74       0x7c CMakeFiles/project.dir/Users/mgonzalez506/pico-sdk/lib/tinyusb/src/class/cdc/cdc_device.c.obj
                0x0000000010006e74                cdcd_init
 .text.cdcd_reset
                0x0000000010006ef0       0x2c CMakeFiles/project.dir/Users/mgonzalez506/pico-sdk/lib/tinyusb/src/class/cdc/cdc_device.c.obj
                0x0000000010006ef0                cdcd_reset
 .text.cdcd_open
                0x0000000010006f1c       0xe4 CMakeFiles/project.dir/Users/mgonzalez506/pico-sdk/lib/tinyusb/src/class/cdc/cdc_device.c.obj
                0x0000000010006f1c                cdcd_open
 .text.cdcd_control_xfer_cb
                0x0000000010007000       0xe4 CMakeFiles/project.dir/Users/mgonzalez506/pico-sdk/lib/tinyusb/src/class/cdc/cdc_device.c.obj
                0x0000000010007000                cdcd_control_xfer_cb
 .text.cdcd_xfer_cb
                0x00000000100070e4      0x148 CMakeFiles/project.dir/Users/mgonzalez506/pico-sdk/lib/tinyusb/src/class/cdc/cdc_device.c.obj
                0x00000000100070e4                cdcd_xfer_cb
 .text.tusb_init
                0x000000001000722c        0xc CMakeFiles/project.dir/Users/mgonzalez506/pico-sdk/lib/tinyusb/src/tusb.c.obj
                0x000000001000722c                tusb_init
 .text.tusb_inited
                0x0000000010007238        0x8 CMakeFiles/project.dir/Users/mgonzalez506/pico-sdk/lib/tinyusb/src/tusb.c.obj
                0x0000000010007238                tusb_inited
 .text.tu_edpt_validate
                0x0000000010007240       0x78 CMakeFiles/project.dir/Users/mgonzalez506/pico-sdk/lib/tinyusb/src/tusb.c.obj
                0x0000000010007240                tu_edpt_validate
 .text.tu_edpt_bind_driver
                0x00000000100072b8       0x2c CMakeFiles/project.dir/Users/mgonzalez506/pico-sdk/lib/tinyusb/src/tusb.c.obj
                0x00000000100072b8                tu_edpt_bind_driver
 .text.tu_fifo_config
                0x00000000100072e4       0x78 CMakeFiles/project.dir/Users/mgonzalez506/pico-sdk/lib/tinyusb/src/common/tusb_fifo.c.obj
                0x00000000100072e4                tu_fifo_config
 .text.tu_fifo_count
                0x000000001000735c       0x20 CMakeFiles/project.dir/Users/mgonzalez506/pico-sdk/lib/tinyusb/src/common/tusb_fifo.c.obj
                0x000000001000735c                tu_fifo_count
 .text.tu_fifo_empty
                0x000000001000737c       0x10 CMakeFiles/project.dir/Users/mgonzalez506/pico-sdk/lib/tinyusb/src/common/tusb_fifo.c.obj
                0x000000001000737c                tu_fifo_empty
 .text.tu_fifo_remaining
                0x000000001000738c       0x1c CMakeFiles/project.dir/Users/mgonzalez506/pico-sdk/lib/tinyusb/src/common/tusb_fifo.c.obj
                0x000000001000738c                tu_fifo_remaining
 .text.tu_fifo_read
                0x00000000100073a8       0x9c CMakeFiles/project.dir/Users/mgonzalez506/pico-sdk/lib/tinyusb/src/common/tusb_fifo.c.obj
                0x00000000100073a8                tu_fifo_read
 .text.tu_fifo_read_n
                0x0000000010007444      0x100 CMakeFiles/project.dir/Users/mgonzalez506/pico-sdk/lib/tinyusb/src/common/tusb_fifo.c.obj
                0x0000000010007444                tu_fifo_read_n
 .text.tu_fifo_write
                0x0000000010007544       0x7c CMakeFiles/project.dir/Users/mgonzalez506/pico-sdk/lib/tinyusb/src/common/tusb_fifo.c.obj
                0x0000000010007544                tu_fifo_write
 .text.tu_fifo_write_n
                0x00000000100075c0      0x100 CMakeFiles/project.dir/Users/mgonzalez506/pico-sdk/lib/tinyusb/src/common/tusb_fifo.c.obj
                0x00000000100075c0                tu_fifo_write_n
 .text.tu_fifo_clear
                0x00000000100076c0       0x4c CMakeFiles/project.dir/Users/mgonzalez506/pico-sdk/lib/tinyusb/src/common/tusb_fifo.c.obj
                0x00000000100076c0                tu_fifo_clear
 .text.tu_fifo_set_overwritable
                0x000000001000770c       0x3c CMakeFiles/project.dir/Users/mgonzalez506/pico-sdk/lib/tinyusb/src/common/tusb_fifo.c.obj
                0x000000001000770c                tu_fifo_set_overwritable
 .text.startup._retrieve_unique_id_on_boot
                0x0000000010007748       0x10 CMakeFiles/project.dir/Users/mgonzalez506/pico-sdk/src/rp2_common/pico_unique_id/unique_id.c.obj
 .text.pico_get_unique_board_id_string
                0x0000000010007758      0x1a8 CMakeFiles/project.dir/Users/mgonzalez506/pico-sdk/src/rp2_common/pico_unique_id/unique_id.c.obj
                0x0000000010007758                pico_get_unique_board_id_string
 .text.flash_get_unique_id
                0x0000000010007900       0x40 CMakeFiles/project.dir/Users/mgonzalez506/pico-sdk/src/rp2_common/hardware_flash/flash.c.obj
                0x0000000010007900                flash_get_unique_id
 .text.strlen   0x0000000010007940       0x5c /opt/homebrew/Cellar/arm-none-eabi-gcc/10.3-2021.07/gcc/bin/../lib/gcc/arm-none-eabi/10.3.1/../../../../arm-none-eabi/lib/thumb/v6-m/nofp/libc.a(lib_a-strlen-stub.o)
                0x0000000010007940                strlen
 *(.fini)
 .fini          0x000000001000799c        0x4 /opt/homebrew/Cellar/arm-none-eabi-gcc/10.3-2021.07/gcc/bin/../lib/gcc/arm-none-eabi/10.3.1/thumb/v6-m/nofp/crti.o
                0x000000001000799c                _fini
 .fini.__stub   0x00000000100079a0       0x70 linker stubs
 *crtbegin.o(.ctors)
 *crtbegin?.o(.ctors)
 *(EXCLUDE_FILE(*crtend.o *crtend?.o) .ctors)
 *(SORT_BY_NAME(.ctors.*))
 *(.ctors)
 *crtbegin.o(.dtors)
 *crtbegin?.o(.dtors)
 *(EXCLUDE_FILE(*crtend.o *crtend?.o) .dtors)
 *(SORT_BY_NAME(.dtors.*))
 *(.dtors)
 *(.eh_frame*)
 .eh_frame      0x0000000010007a10        0x0 /opt/homebrew/Cellar/arm-none-eabi-gcc/10.3-2021.07/gcc/bin/../lib/gcc/arm-none-eabi/10.3.1/thumb/v6-m/nofp/crtbegin.o
                0x0000000010007a10                . = ALIGN (0x4)

.glue_7         0x0000000010007a10        0x0
 .glue_7        0x0000000010007a10        0x0 linker stubs

.glue_7t        0x0000000010007a10        0x0
 .glue_7t       0x0000000010007a10        0x0 linker stubs

.vfp11_veneer   0x0000000010007a10        0x0
 .vfp11_veneer  0x0000000010007a10        0x0 linker stubs

.v4_bx          0x0000000010007a10        0x0
 .v4_bx         0x0000000010007a10        0x0 linker stubs

.iplt           0x0000000010007a10        0x0
 .iplt          0x0000000010007a10        0x0 /opt/homebrew/Cellar/arm-none-eabi-gcc/10.3-2021.07/gcc/bin/../lib/gcc/arm-none-eabi/10.3.1/thumb/v6-m/nofp/crtbegin.o

.rodata         0x0000000010007a10      0x5d4
 *(EXCLUDE_FILE(*libm.a: *libc.a:*lib_a-mem*.o *libgcc.a:) .rodata*)
 .rodata.main.str1.4
                0x0000000010007a10       0x80 CMakeFiles/project.dir/WiegandReader.c.obj
 .rodata.spin_lock_claim_unused.str1.4
                0x0000000010007a90       0x1b CMakeFiles/project.dir/Users/mgonzalez506/pico-sdk/src/rp2_common/hardware_sync/sync.c.obj
 *fill*         0x0000000010007aab        0x1 
 .rodata.user_irq_claim_unused.str1.4
                0x0000000010007aac       0x1b CMakeFiles/project.dir/Users/mgonzalez506/pico-sdk/src/rp2_common/hardware_irq/irq.c.obj
 *fill*         0x0000000010007ac7        0x1 
 .rodata.hardware_alarm_claim.str1.4
                0x0000000010007ac8       0x22 CMakeFiles/project.dir/Users/mgonzalez506/pico-sdk/src/rp2_common/hardware_timer/timer.c.obj
 *fill*         0x0000000010007aea        0x2 
 .rodata.panic.str1.4
                0x0000000010007aec       0x12 CMakeFiles/project.dir/Users/mgonzalez506/pico-sdk/src/rp2_common/pico_runtime/runtime.c.obj
 *fill*         0x0000000010007afe        0x2 
 .rodata.hard_assertion_failure.str1.4
                0x0000000010007b00        0xc CMakeFiles/project.dir/Users/mgonzalez506/pico-sdk/src/rp2_common/pico_runtime/runtime.c.obj
 .rodata._ftoa.str1.4
                0x0000000010007b0c       0x15 CMakeFiles/project.dir/Users/mgonzalez506/pico-sdk/src/rp2_common/pico_printf/printf.c.obj
 *fill*         0x0000000010007b21        0x3 
 .rodata._vsnprintf
                0x0000000010007b24      0x1e0 CMakeFiles/project.dir/Users/mgonzalez506/pico-sdk/src/rp2_common/pico_printf/printf.c.obj
 *fill*         0x0000000010007d04        0x4 
 .rodata.pow10.0
                0x0000000010007d08       0x50 CMakeFiles/project.dir/Users/mgonzalez506/pico-sdk/src/rp2_common/pico_printf/printf.c.obj
 .rodata.str1.4
                0x0000000010007d58       0x3c CMakeFiles/project.dir/Users/mgonzalez506/pico-sdk/src/rp2_common/pico_standard_link/binary_info.c.obj
 .rodata.__bi_44
                0x0000000010007d94        0xc CMakeFiles/project.dir/Users/mgonzalez506/pico-sdk/src/rp2_common/pico_standard_link/binary_info.c.obj
 .rodata.__bi_75
                0x0000000010007da0        0xc CMakeFiles/project.dir/Users/mgonzalez506/pico-sdk/src/rp2_common/pico_standard_link/binary_info.c.obj
 .rodata.__bi_81
                0x0000000010007dac        0xc CMakeFiles/project.dir/Users/mgonzalez506/pico-sdk/src/rp2_common/pico_standard_link/binary_info.c.obj
 .rodata.crlf_str.0
                0x0000000010007db8        0x2 CMakeFiles/project.dir/Users/mgonzalez506/pico-sdk/src/rp2_common/pico_stdio/stdio.c.obj
 *fill*         0x0000000010007dba        0x2 
 .rodata.str1.4
                0x0000000010007dbc       0x2c CMakeFiles/project.dir/Users/mgonzalez506/pico-sdk/src/rp2_common/pico_stdio_uart/stdio_uart.c.obj
 .rodata.__bi_28.4
                0x0000000010007de8        0xc CMakeFiles/project.dir/Users/mgonzalez506/pico-sdk/src/rp2_common/pico_stdio_uart/stdio_uart.c.obj
 .rodata.__bi_29.5
                0x0000000010007df4        0x8 CMakeFiles/project.dir/Users/mgonzalez506/pico-sdk/src/rp2_common/pico_stdio_uart/stdio_uart.c.obj
 .rodata._resetd_driver
                0x0000000010007dfc       0x18 CMakeFiles/project.dir/Users/mgonzalez506/pico-sdk/src/rp2_common/pico_stdio_usb/reset_interface.c.obj
 .rodata.str1.4
                0x0000000010007e14       0x13 CMakeFiles/project.dir/Users/mgonzalez506/pico-sdk/src/rp2_common/pico_stdio_usb/stdio_usb.c.obj
 *fill*         0x0000000010007e27        0x1 
 .rodata.__bi_118.0
                0x0000000010007e28        0xc CMakeFiles/project.dir/Users/mgonzalez506/pico-sdk/src/rp2_common/pico_stdio_usb/stdio_usb.c.obj
 .rodata.str1.4
                0x0000000010007e34       0x2a CMakeFiles/project.dir/Users/mgonzalez506/pico-sdk/src/rp2_common/pico_stdio_usb/stdio_usb_descriptors.c.obj
 *fill*         0x0000000010007e5e        0x2 
 .rodata.usbd_desc_cfg
                0x0000000010007e60       0x54 CMakeFiles/project.dir/Users/mgonzalez506/pico-sdk/src/rp2_common/pico_stdio_usb/stdio_usb_descriptors.c.obj
 .rodata.usbd_desc_device
                0x0000000010007eb4       0x12 CMakeFiles/project.dir/Users/mgonzalez506/pico-sdk/src/rp2_common/pico_stdio_usb/stdio_usb_descriptors.c.obj
 *fill*         0x0000000010007ec6        0x2 
 .rodata.usbd_desc_str
                0x0000000010007ec8       0x18 CMakeFiles/project.dir/Users/mgonzalez506/pico-sdk/src/rp2_common/pico_stdio_usb/stdio_usb_descriptors.c.obj
 .rodata.dcd_rp2040_irq.str1.4
                0x0000000010007ee0       0x14 CMakeFiles/project.dir/Users/mgonzalez506/pico-sdk/lib/tinyusb/src/portable/raspberrypi/rp2040/dcd_rp2040.c.obj
 .rodata._hw_endpoint_buffer_control_update32.part.0.isra.0.str1.4
                0x0000000010007ef4       0x1f CMakeFiles/project.dir/Users/mgonzalez506/pico-sdk/lib/tinyusb/src/portable/raspberrypi/rp2040/rp2040_usb.c.obj
 *fill*         0x0000000010007f13        0x1 
 .rodata.hw_endpoint_xfer_continue.str1.4
                0x0000000010007f14       0x29 CMakeFiles/project.dir/Users/mgonzalez506/pico-sdk/lib/tinyusb/src/portable/raspberrypi/rp2040/rp2040_usb.c.obj
 .rodata.str1.4
                0x0000000010007f3d       0x29 CMakeFiles/project.dir/Users/mgonzalez506/pico-sdk/lib/tinyusb/src/portable/raspberrypi/rp2040/rp2040_usb.c.obj
                                          0x7 (size before relaxing)
 *fill*         0x0000000010007f3d        0x3 
 .rodata.tud_task
                0x0000000010007f40       0x8c CMakeFiles/project.dir/Users/mgonzalez506/pico-sdk/lib/tinyusb/src/device/usbd.c.obj
 .rodata._usbd_driver
                0x0000000010007fcc       0x18 CMakeFiles/project.dir/Users/mgonzalez506/pico-sdk/lib/tinyusb/src/device/usbd.c.obj
                0x0000000010007fe4                . = ALIGN (0x4)
 *(SORT_BY_ALIGNMENT(SORT_BY_NAME(.flashdata*)))
                0x0000000010007fe4                . = ALIGN (0x4)

.rel.dyn        0x0000000010007fe4        0x0
 .rel.iplt      0x0000000010007fe4        0x0 /opt/homebrew/Cellar/arm-none-eabi-gcc/10.3-2021.07/gcc/bin/../lib/gcc/arm-none-eabi/10.3.1/thumb/v6-m/nofp/crtbegin.o

.ARM.extab
 *(.ARM.extab* .gnu.linkonce.armextab.*)
                0x0000000010007fe4                __exidx_start = .

.ARM.exidx
 *(.ARM.exidx* .gnu.linkonce.armexidx.*)
                0x0000000010007fe4                __exidx_end = .
                0x0000000010007fe4                . = ALIGN (0x4)
                0x0000000010007fe4                __binary_info_start = .

.binary_info    0x0000000010007fe4       0x28
 *(.binary_info.keep.*)
 .binary_info.keep.__bi_ptr22
                0x0000000010007fe4        0x4 CMakeFiles/project.dir/Users/mgonzalez506/pico-sdk/src/rp2_common/pico_standard_link/binary_info.c.obj
 .binary_info.keep.__bi_ptr30
                0x0000000010007fe8        0x4 CMakeFiles/project.dir/Users/mgonzalez506/pico-sdk/src/rp2_common/pico_standard_link/binary_info.c.obj
 .binary_info.keep.__bi_ptr38
                0x0000000010007fec        0x4 CMakeFiles/project.dir/Users/mgonzalez506/pico-sdk/src/rp2_common/pico_standard_link/binary_info.c.obj
 .binary_info.keep.__bi_ptr44
                0x0000000010007ff0        0x4 CMakeFiles/project.dir/Users/mgonzalez506/pico-sdk/src/rp2_common/pico_standard_link/binary_info.c.obj
 .binary_info.keep.__bi_ptr50
                0x0000000010007ff4        0x4 CMakeFiles/project.dir/Users/mgonzalez506/pico-sdk/src/rp2_common/pico_standard_link/binary_info.c.obj
 .binary_info.keep.__bi_ptr75
                0x0000000010007ff8        0x4 CMakeFiles/project.dir/Users/mgonzalez506/pico-sdk/src/rp2_common/pico_standard_link/binary_info.c.obj
 .binary_info.keep.__bi_ptr81
                0x0000000010007ffc        0x4 CMakeFiles/project.dir/Users/mgonzalez506/pico-sdk/src/rp2_common/pico_standard_link/binary_info.c.obj
 *(.binary_info.*)
 .binary_info.__bi_ptr28
                0x0000000010008000        0x4 CMakeFiles/project.dir/Users/mgonzalez506/pico-sdk/src/rp2_common/pico_stdio_uart/stdio_uart.c.obj
 .binary_info.__bi_ptr29
                0x0000000010008004        0x4 CMakeFiles/project.dir/Users/mgonzalez506/pico-sdk/src/rp2_common/pico_stdio_uart/stdio_uart.c.obj
 .binary_info.__bi_ptr118
                0x0000000010008008        0x4 CMakeFiles/project.dir/Users/mgonzalez506/pico-sdk/src/rp2_common/pico_stdio_usb/stdio_usb.c.obj
                0x000000001000800c                __binary_info_end = .
                0x000000001000800c                . = ALIGN (0x4)
                0x000000001000800c                __etext = .

.ram_vector_table
                0x0000000020000000       0xc0
 *(.ram_vector_table)
 .ram_vector_table
                0x0000000020000000       0xc0 CMakeFiles/project.dir/Users/mgonzalez506/pico-sdk/src/rp2_common/pico_runtime/runtime.c.obj
                0x0000000020000000                ram_vector_table

.data           0x00000000200000c0      0x3d4 load address 0x000000001000800c
                0x00000000200000c0                __data_start__ = .
 *(vtable)
 *(.time_critical*)
 .time_critical.mutex_enter_blocking
                0x00000000200000c0       0x48 CMakeFiles/project.dir/Users/mgonzalez506/pico-sdk/src/common/pico_sync/mutex.c.obj
                0x00000000200000c0                mutex_enter_blocking
 .time_critical.mutex_try_enter
                0x0000000020000108       0x44 CMakeFiles/project.dir/Users/mgonzalez506/pico-sdk/src/common/pico_sync/mutex.c.obj
                0x0000000020000108                mutex_try_enter
 .time_critical.mutex_enter_timeout_ms
                0x000000002000014c       0xa0 CMakeFiles/project.dir/Users/mgonzalez506/pico-sdk/src/common/pico_sync/mutex.c.obj
                0x000000002000014c                mutex_enter_timeout_ms
 .time_critical.mutex_exit
                0x00000000200001ec       0x28 CMakeFiles/project.dir/Users/mgonzalez506/pico-sdk/src/common/pico_sync/mutex.c.obj
                0x00000000200001ec                mutex_exit
 .time_critical.flash_init_boot2_copyout
                0x0000000020000214       0x30 CMakeFiles/project.dir/Users/mgonzalez506/pico-sdk/src/rp2_common/hardware_flash/flash.c.obj
 .time_critical.flash_enable_xip_via_boot2
                0x0000000020000244       0x10 CMakeFiles/project.dir/Users/mgonzalez506/pico-sdk/src/rp2_common/hardware_flash/flash.c.obj
 .time_critical.flash_cs_force
                0x0000000020000254       0x38 CMakeFiles/project.dir/Users/mgonzalez506/pico-sdk/src/rp2_common/hardware_flash/flash.c.obj
 .time_critical.flash_do_cmd
                0x000000002000028c       0xc4 CMakeFiles/project.dir/Users/mgonzalez506/pico-sdk/src/rp2_common/hardware_flash/flash.c.obj
                0x000000002000028c                flash_do_cmd
 *(.text*)
 .text          0x0000000020000350        0x4 /opt/homebrew/Cellar/arm-none-eabi-gcc/10.3-2021.07/gcc/bin/../lib/gcc/arm-none-eabi/10.3.1/thumb/v6-m/nofp/libgcc.a(_dvmd_tls.o)
                0x0000000020000350                __aeabi_ldiv0
                0x0000000020000350                __aeabi_idiv0
 *fill*         0x0000000020000354        0x4 
 .text.__stub   0x0000000020000358       0x30 linker stubs
                0x0000000020000388                . = ALIGN (0x4)
 *(.rodata*)
                0x0000000020000388                . = ALIGN (0x4)
 *(.data*)
 .data.striped_spin_lock_num
                0x0000000020000388        0x1 CMakeFiles/project.dir/Users/mgonzalez506/pico-sdk/src/rp2_common/hardware_sync/sync.c.obj
 *fill*         0x0000000020000389        0x3 
 .data          0x000000002000038c       0x48 CMakeFiles/project.dir/Users/mgonzalez506/pico-sdk/src/rp2_common/hardware_irq/irq_handler_chain.S.obj
                0x000000002000038c                irq_handler_chain_slots
                0x00000000200003bc                irq_handler_chain_first_slot
                0x00000000200003c6                irq_handler_chain_remove_tail
 .data.default_alarm_pool
                0x00000000200003d4       0x18 CMakeFiles/project.dir/Users/mgonzalez506/pico-sdk/src/common/pico_time/time.c.obj
 .data.default_alarm_pool_heap
                0x00000000200003ec       0x10 CMakeFiles/project.dir/Users/mgonzalez506/pico-sdk/src/common/pico_time/time.c.obj
 *fill*         0x00000000200003fc        0x4 
 .data.aeabi_bits_funcs
                0x0000000020000400       0x10 CMakeFiles/project.dir/Users/mgonzalez506/pico-sdk/src/rp2_common/pico_bit_ops/bit_ops_aeabi.S.obj
                0x0000000020000400                aeabi_bits_funcs
                0x0000000020000410                aeabi_bits_funcs_end
 .data.aeabi_mem_funcs
                0x0000000020000410       0x10 CMakeFiles/project.dir/Users/mgonzalez506/pico-sdk/src/rp2_common/pico_mem_ops/mem_ops_aeabi.S.obj
                0x0000000020000410                aeabi_mem_funcs
                0x0000000020000420                aeabi_mem_funcs_end
 .data.stdio_uart
                0x0000000020000420       0x14 CMakeFiles/project.dir/Users/mgonzalez506/pico-sdk/src/rp2_common/pico_stdio_uart/stdio_uart.c.obj
                0x0000000020000420                stdio_uart
 .data.stdio_usb
                0x0000000020000434       0x14 CMakeFiles/project.dir/Users/mgonzalez506/pico-sdk/src/rp2_common/pico_stdio_usb/stdio_usb.c.obj
                0x0000000020000434                stdio_usb
 .data.ep_dir_string
                0x0000000020000448        0x8 CMakeFiles/project.dir/Users/mgonzalez506/pico-sdk/lib/tinyusb/src/portable/raspberrypi/rp2040/rp2040_usb.c.obj
                0x0000000020000448                ep_dir_string
 .data._usbd_qdef
                0x0000000020000450       0x24 CMakeFiles/project.dir/Users/mgonzalez506/pico-sdk/lib/tinyusb/src/device/usbd.c.obj
                0x0000000020000450                _usbd_qdef
                0x0000000020000474                . = ALIGN (0x4)
 *(.after_data.*)
                0x0000000020000474                . = ALIGN (0x4)
                0x0000000020000474                PROVIDE (__mutex_array_start = .)
 *(SORT_BY_NAME(.mutex_array.*))
 *(.mutex_array)
 .mutex_array   0x0000000020000474        0x8 CMakeFiles/project.dir/Users/mgonzalez506/pico-sdk/src/rp2_common/pico_stdio/stdio.c.obj
                0x000000002000047c                PROVIDE (__mutex_array_end = .)
                0x000000002000047c                . = ALIGN (0x4)
                0x000000002000047c                PROVIDE (__preinit_array_start = .)
 *(SORT_BY_NAME(.preinit_array.*))
 .preinit_array.00001
                0x000000002000047c        0x4 CMakeFiles/project.dir/Users/mgonzalez506/pico-sdk/src/rp2_common/pico_mem_ops/mem_ops_aeabi.S.obj
 .preinit_array.00010
                0x0000000020000480        0x4 CMakeFiles/project.dir/Users/mgonzalez506/pico-sdk/src/rp2_common/pico_bit_ops/bit_ops_aeabi.S.obj
 .preinit_array.00020
                0x0000000020000484        0x4 CMakeFiles/project.dir/Users/mgonzalez506/pico-sdk/src/rp2_common/pico_double/double_aeabi.S.obj
 .preinit_array.00020
                0x0000000020000488        0x4 CMakeFiles/project.dir/Users/mgonzalez506/pico-sdk/src/rp2_common/pico_float/float_aeabi.S.obj
 *(.preinit_array)
                0x000000002000048c                PROVIDE (__preinit_array_end = .)
                0x000000002000048c                . = ALIGN (0x4)
                0x000000002000048c                PROVIDE (__init_array_start = .)
 *(SORT_BY_NAME(.init_array.*))
 *(.init_array)
 .init_array    0x000000002000048c        0x4 /opt/homebrew/Cellar/arm-none-eabi-gcc/10.3-2021.07/gcc/bin/../lib/gcc/arm-none-eabi/10.3.1/thumb/v6-m/nofp/crtbegin.o
 .init_array    0x0000000020000490        0x4 CMakeFiles/project.dir/Users/mgonzalez506/pico-sdk/src/rp2_common/pico_unique_id/unique_id.c.obj
                0x0000000020000494                PROVIDE (__init_array_end = .)
                0x0000000020000494                . = ALIGN (0x4)
                [!provide]                        PROVIDE (__fini_array_start = .)
 *(SORT_BY_NAME(.fini_array.*))
 *(.fini_array)
                [!provide]                        PROVIDE (__fini_array_end = .)
 *(.jcr)
                0x0000000020000494                . = ALIGN (0x4)
                0x0000000020000494                __data_end__ = .

.igot.plt       0x0000000020000494        0x0 load address 0x00000000100083e0
 .igot.plt      0x0000000020000494        0x0 /opt/homebrew/Cellar/arm-none-eabi-gcc/10.3-2021.07/gcc/bin/../lib/gcc/arm-none-eabi/10.3.1/thumb/v6-m/nofp/crtbegin.o

.uninitialized_data
                0x0000000020000494        0x0 load address 0x00000000100083e0
                0x0000000020000494                . = ALIGN (0x4)
 *(.uninitialized_data*)

.scratch_x      0x0000000020040000        0x0 load address 0x00000000100083e0
                0x0000000020040000                __scratch_x_start__ = .
 *(.scratch_x.*)
                0x0000000020040000                . = ALIGN (0x4)
                0x0000000020040000                __scratch_x_end__ = .
                0x00000000100083e0                __scratch_x_source__ = LOADADDR (.scratch_x)

.scratch_y      0x0000000020041000        0x0 load address 0x00000000100083e0
                0x0000000020041000                __scratch_y_start__ = .
 *(.scratch_y.*)
                0x0000000020041000                . = ALIGN (0x4)
                0x0000000020041000                __scratch_y_end__ = .
                0x00000000100083e0                __scratch_y_source__ = LOADADDR (.scratch_y)

.bss            0x0000000020000498      0xe14
                0x0000000020000498                . = ALIGN (0x4)
                0x0000000020000498                __bss_start__ = .
 *(SORT_BY_ALIGNMENT(SORT_BY_NAME(.bss*)))
 .bss.default_alarm_pool_entries
                0x0000000020000498      0x100 CMakeFiles/project.dir/Users/mgonzalez506/pico-sdk/src/common/pico_time/time.c.obj
 .bss.last_avail_time.1
                0x0000000020000598        0x8 CMakeFiles/project.dir/Users/mgonzalez506/pico-sdk/src/rp2_common/pico_stdio_usb/stdio_usb.c.obj
 .bss.sd_table  0x00000000200005a0      0x100 CMakeFiles/project.dir/Users/mgonzalez506/pico-sdk/src/rp2_common/pico_double/double_init_rom.c.obj
                0x00000000200005a0                sd_table
 .bss.sf_table  0x00000000200006a0      0x100 CMakeFiles/project.dir/Users/mgonzalez506/pico-sdk/src/rp2_common/pico_float/float_init_rom.c.obj
                0x00000000200006a0                sf_table
 .bss           0x00000000200007a0       0x1c /opt/homebrew/Cellar/arm-none-eabi-gcc/10.3-2021.07/gcc/bin/../lib/gcc/arm-none-eabi/10.3.1/thumb/v6-m/nofp/crtbegin.o
 .bss._app_driver
                0x00000000200007bc        0x4 CMakeFiles/project.dir/Users/mgonzalez506/pico-sdk/lib/tinyusb/src/device/usbd.c.obj
 .bss._cdcd_itf
                0x00000000200007c0      0x2d8 CMakeFiles/project.dir/Users/mgonzalez506/pico-sdk/lib/tinyusb/src/class/cdc/cdc_device.c.obj
 .bss._ctrl_xfer
                0x0000000020000a98       0x14 CMakeFiles/project.dir/Users/mgonzalez506/pico-sdk/lib/tinyusb/src/device/usbd_control.c.obj
 .bss._ubsd_mutexdef
                0x0000000020000aac        0x8 CMakeFiles/project.dir/Users/mgonzalez506/pico-sdk/lib/tinyusb/src/device/usbd.c.obj
 .bss._usbd_ctrl_buf
                0x0000000020000ab4       0x40 CMakeFiles/project.dir/Users/mgonzalez506/pico-sdk/lib/tinyusb/src/device/usbd_control.c.obj
 .bss._usbd_dev
                0x0000000020000af4       0x53 CMakeFiles/project.dir/Users/mgonzalez506/pico-sdk/lib/tinyusb/src/device/usbd.c.obj
 *fill*         0x0000000020000b47        0x1 
 .bss._usbd_mutex
                0x0000000020000b48        0x4 CMakeFiles/project.dir/Users/mgonzalez506/pico-sdk/lib/tinyusb/src/device/usbd.c.obj
 .bss._usbd_q   0x0000000020000b4c        0x4 CMakeFiles/project.dir/Users/mgonzalez506/pico-sdk/lib/tinyusb/src/device/usbd.c.obj
 .bss._usbd_qdef_buf
                0x0000000020000b50       0xc0 CMakeFiles/project.dir/Users/mgonzalez506/pico-sdk/lib/tinyusb/src/device/usbd.c.obj
                0x0000000020000b50                _usbd_qdef_buf
 .bss.alarm_callbacks
                0x0000000020000c10       0x10 CMakeFiles/project.dir/Users/mgonzalez506/pico-sdk/src/rp2_common/hardware_timer/timer.c.obj
 .bss.boot2_copyout
                0x0000000020000c20      0x100 CMakeFiles/project.dir/Users/mgonzalez506/pico-sdk/src/rp2_common/hardware_flash/flash.c.obj
 .bss.callbacks
                0x0000000020000d20        0x8 CMakeFiles/project.dir/Users/mgonzalez506/pico-sdk/src/rp2_common/hardware_gpio/gpio.c.obj
 .bss.cardCode  0x0000000020000d28        0x4 CMakeFiles/project.dir/WiegandReader.c.obj
                0x0000000020000d28                cardCode
 .bss.claimed   0x0000000020000d2c        0x4 CMakeFiles/project.dir/Users/mgonzalez506/pico-sdk/src/rp2_common/hardware_sync/sync.c.obj
 .bss.configured_freq
                0x0000000020000d30       0x28 CMakeFiles/project.dir/Users/mgonzalez506/pico-sdk/src/rp2_common/hardware_clocks/clocks.c.obj
 .bss.databits  0x0000000020000d58       0x64 CMakeFiles/project.dir/WiegandReader.c.obj
                0x0000000020000d58                databits
 .bss.default_alarm_pool_entry_ids_high
                0x0000000020000dbc       0x10 CMakeFiles/project.dir/Users/mgonzalez506/pico-sdk/src/common/pico_time/time.c.obj
 .bss.default_alarm_pool_heap_nodes
                0x0000000020000dcc       0x30 CMakeFiles/project.dir/Users/mgonzalez506/pico-sdk/src/common/pico_time/time.c.obj
 .bss.desc_str.0
                0x0000000020000dfc       0x28 CMakeFiles/project.dir/Users/mgonzalez506/pico-sdk/src/rp2_common/pico_stdio_usb/stdio_usb_descriptors.c.obj
 .bss.drivers   0x0000000020000e24        0x4 CMakeFiles/project.dir/Users/mgonzalez506/pico-sdk/src/rp2_common/pico_stdio/stdio.c.obj
 .bss.facilityCode
                0x0000000020000e28        0x4 CMakeFiles/project.dir/WiegandReader.c.obj
                0x0000000020000e28                facilityCode
 .bss.filter    0x0000000020000e2c        0x4 CMakeFiles/project.dir/Users/mgonzalez506/pico-sdk/src/rp2_common/pico_stdio/stdio.c.obj
 .bss.hw_endpoints
                0x0000000020000e30      0x400 CMakeFiles/project.dir/Users/mgonzalez506/pico-sdk/lib/tinyusb/src/portable/raspberrypi/rp2040/dcd_rp2040.c.obj
 .bss.lazy_vsnprintf
                0x0000000020001230        0x4 CMakeFiles/project.dir/Users/mgonzalez506/pico-sdk/src/rp2_common/pico_printf/printf.c.obj
 .bss.load_value
                0x0000000020001234        0x4 CMakeFiles/project.dir/Users/mgonzalez506/pico-sdk/src/rp2_common/hardware_watchdog/watchdog.c.obj
 .bss.next_buffer_ptr
                0x0000000020001238        0x4 CMakeFiles/project.dir/Users/mgonzalez506/pico-sdk/lib/tinyusb/src/portable/raspberrypi/rp2040/dcd_rp2040.c.obj
 .bss.pools     0x000000002000123c       0x10 CMakeFiles/project.dir/Users/mgonzalez506/pico-sdk/src/common/pico_time/time.c.obj
 .bss.raw_irq_mask
                0x000000002000124c        0x8 CMakeFiles/project.dir/Users/mgonzalez506/pico-sdk/src/rp2_common/hardware_gpio/gpio.c.obj
 .bss.retrieved_id
                0x0000000020001254        0x8 CMakeFiles/project.dir/Users/mgonzalez506/pico-sdk/src/rp2_common/pico_unique_id/unique_id.c.obj
 .bss.sf_clz_func
                0x000000002000125c        0x4 CMakeFiles/project.dir/Users/mgonzalez506/pico-sdk/src/rp2_common/pico_double/double_init_rom.c.obj
                0x000000002000125c                sf_clz_func
 .bss.sleep_notifier
                0x0000000020001260        0x4 CMakeFiles/project.dir/Users/mgonzalez506/pico-sdk/src/common/pico_time/time.c.obj
 .bss.stdio_usb_mutex
                0x0000000020001264        0x8 CMakeFiles/project.dir/Users/mgonzalez506/pico-sdk/src/rp2_common/pico_stdio_usb/stdio_usb.c.obj
 .bss.target_hi
                0x000000002000126c       0x10 CMakeFiles/project.dir/Users/mgonzalez506/pico-sdk/src/rp2_common/hardware_timer/timer.c.obj
 .bss.uart_char_to_line_feed
                0x000000002000127c        0x4 CMakeFiles/project.dir/Users/mgonzalez506/pico-sdk/src/rp2_common/hardware_uart/uart.c.obj
                0x000000002000127c                uart_char_to_line_feed
 .bss.uart_instance
                0x0000000020001280        0x4 CMakeFiles/project.dir/Users/mgonzalez506/pico-sdk/src/rp2_common/pico_stdio_uart/stdio_uart.c.obj
 .bss.usbd_serial_str
                0x0000000020001284       0x11 CMakeFiles/project.dir/Users/mgonzalez506/pico-sdk/src/rp2_common/pico_stdio_usb/stdio_usb_descriptors.c.obj
 *fill*         0x0000000020001295        0x3 
 .bss.user_irq_claimed
                0x0000000020001298        0x2 CMakeFiles/project.dir/Users/mgonzalez506/pico-sdk/src/rp2_common/hardware_irq/irq.c.obj
 *fill*         0x000000002000129a        0x2 
 .bss.weigand_counter
                0x000000002000129c        0x4 CMakeFiles/project.dir/WiegandReader.c.obj
                0x000000002000129c                weigand_counter
 .bss._app_driver_count
                0x00000000200012a0        0x1 CMakeFiles/project.dir/Users/mgonzalez506/pico-sdk/lib/tinyusb/src/device/usbd.c.obj
 .bss._usbd_initialized
                0x00000000200012a1        0x1 CMakeFiles/project.dir/Users/mgonzalez506/pico-sdk/lib/tinyusb/src/device/usbd.c.obj
 .bss.bitCount  0x00000000200012a2        0x1 CMakeFiles/project.dir/WiegandReader.c.obj
                0x00000000200012a2                bitCount
 .bss.boot2_copyout_valid
                0x00000000200012a3        0x1 CMakeFiles/project.dir/Users/mgonzalez506/pico-sdk/src/rp2_common/hardware_flash/flash.c.obj
 .bss.claimed   0x00000000200012a4        0x1 CMakeFiles/project.dir/Users/mgonzalez506/pico-sdk/src/rp2_common/hardware_timer/timer.c.obj
 .bss.flagDone  0x00000000200012a5        0x1 CMakeFiles/project.dir/WiegandReader.c.obj
                0x00000000200012a5                flagDone
 .bss.irq_hander_chain_free_slot_head
                0x00000000200012a6        0x1 CMakeFiles/project.dir/Users/mgonzalez506/pico-sdk/src/rp2_common/hardware_irq/irq.c.obj
 .bss.itf_num   0x00000000200012a7        0x1 CMakeFiles/project.dir/Users/mgonzalez506/pico-sdk/src/rp2_common/pico_stdio_usb/reset_interface.c.obj
 .bss.low_priority_irq_num
                0x00000000200012a8        0x1 CMakeFiles/project.dir/Users/mgonzalez506/pico-sdk/src/rp2_common/pico_stdio_usb/stdio_usb.c.obj
 .bss.timer_callbacks_pending
                0x00000000200012a9        0x1 CMakeFiles/project.dir/Users/mgonzalez506/pico-sdk/src/rp2_common/hardware_timer/timer.c.obj
 *(COMMON)
                0x00000000200012ac                . = ALIGN (0x4)
 *fill*         0x00000000200012aa        0x2 
                0x00000000200012ac                __bss_end__ = .

.heap           0x00000000200012ac      0x800
                0x00000000200012ac                __end__ = .
                0x00000000200012ac                end = __end__
 *(.heap*)
 .heap          0x00000000200012ac      0x800 CMakeFiles/project.dir/Users/mgonzalez506/pico-sdk/src/rp2_common/pico_standard_link/crt0.S.obj
                0x0000000020001aac                __HeapLimit = .

.stack1_dummy   0x0000000020040000        0x0
 *(.stack1*)

.stack_dummy    0x0000000020041000      0x800
 *(.stack*)
 .stack         0x0000000020041000      0x800 CMakeFiles/project.dir/Users/mgonzalez506/pico-sdk/src/rp2_common/pico_standard_link/crt0.S.obj

.flash_end      0x00000000100083e0        0x0
                0x00000000100083e0                __flash_binary_end = .
                0x0000000020040000                __StackLimit = (ORIGIN (RAM) + LENGTH (RAM))
                0x0000000020041000                __StackOneTop = (ORIGIN (SCRATCH_X) + LENGTH (SCRATCH_X))
                0x0000000020042000                __StackTop = (ORIGIN (SCRATCH_Y) + LENGTH (SCRATCH_Y))
                0x0000000020041000                __StackOneBottom = (__StackOneTop - SIZEOF (.stack1_dummy))
                0x0000000020041800                __StackBottom = (__StackTop - SIZEOF (.stack_dummy))
                0x0000000020042000                PROVIDE (__stack = __StackTop)
                0x0000000000000001                ASSERT ((__StackLimit >= __HeapLimit), region RAM overflowed)
                0x0000000000000001                ASSERT (((__binary_info_header_end - __logical_binary_start) <= 0x100), Binary info must be in first 256 bytes of the binary)
LOAD CMakeFiles/project.dir/WiegandReader.c.obj
LOAD CMakeFiles/project.dir/Users/mgonzalez506/pico-sdk/src/rp2_common/pico_stdlib/stdlib.c.obj
LOAD CMakeFiles/project.dir/Users/mgonzalez506/pico-sdk/src/rp2_common/hardware_gpio/gpio.c.obj
LOAD CMakeFiles/project.dir/Users/mgonzalez506/pico-sdk/src/rp2_common/hardware_claim/claim.c.obj
LOAD CMakeFiles/project.dir/Users/mgonzalez506/pico-sdk/src/rp2_common/pico_platform/platform.c.obj
LOAD CMakeFiles/project.dir/Users/mgonzalez506/pico-sdk/src/rp2_common/hardware_sync/sync.c.obj
LOAD CMakeFiles/project.dir/Users/mgonzalez506/pico-sdk/src/rp2_common/hardware_irq/irq.c.obj
LOAD CMakeFiles/project.dir/Users/mgonzalez506/pico-sdk/src/rp2_common/hardware_irq/irq_handler_chain.S.obj
LOAD CMakeFiles/project.dir/Users/mgonzalez506/pico-sdk/src/common/pico_sync/sem.c.obj
LOAD CMakeFiles/project.dir/Users/mgonzalez506/pico-sdk/src/common/pico_sync/lock_core.c.obj
LOAD CMakeFiles/project.dir/Users/mgonzalez506/pico-sdk/src/common/pico_time/time.c.obj
LOAD CMakeFiles/project.dir/Users/mgonzalez506/pico-sdk/src/common/pico_time/timeout_helper.c.obj
LOAD CMakeFiles/project.dir/Users/mgonzalez506/pico-sdk/src/rp2_common/hardware_timer/timer.c.obj
LOAD CMakeFiles/project.dir/Users/mgonzalez506/pico-sdk/src/common/pico_util/datetime.c.obj
LOAD CMakeFiles/project.dir/Users/mgonzalez506/pico-sdk/src/common/pico_util/pheap.c.obj
LOAD CMakeFiles/project.dir/Users/mgonzalez506/pico-sdk/src/common/pico_util/queue.c.obj
LOAD CMakeFiles/project.dir/Users/mgonzalez506/pico-sdk/src/common/pico_sync/mutex.c.obj
LOAD CMakeFiles/project.dir/Users/mgonzalez506/pico-sdk/src/common/pico_sync/critical_section.c.obj
LOAD CMakeFiles/project.dir/Users/mgonzalez506/pico-sdk/src/rp2_common/hardware_uart/uart.c.obj
LOAD CMakeFiles/project.dir/Users/mgonzalez506/pico-sdk/src/rp2_common/hardware_divider/divider.S.obj
LOAD CMakeFiles/project.dir/Users/mgonzalez506/pico-sdk/src/rp2_common/pico_runtime/runtime.c.obj
LOAD CMakeFiles/project.dir/Users/mgonzalez506/pico-sdk/src/rp2_common/hardware_clocks/clocks.c.obj
LOAD CMakeFiles/project.dir/Users/mgonzalez506/pico-sdk/src/rp2_common/hardware_pll/pll.c.obj
LOAD CMakeFiles/project.dir/Users/mgonzalez506/pico-sdk/src/rp2_common/hardware_vreg/vreg.c.obj
LOAD CMakeFiles/project.dir/Users/mgonzalez506/pico-sdk/src/rp2_common/hardware_watchdog/watchdog.c.obj
LOAD CMakeFiles/project.dir/Users/mgonzalez506/pico-sdk/src/rp2_common/hardware_xosc/xosc.c.obj
LOAD CMakeFiles/project.dir/Users/mgonzalez506/pico-sdk/src/rp2_common/pico_printf/printf.c.obj
LOAD CMakeFiles/project.dir/Users/mgonzalez506/pico-sdk/src/rp2_common/pico_bit_ops/bit_ops_aeabi.S.obj
LOAD CMakeFiles/project.dir/Users/mgonzalez506/pico-sdk/src/rp2_common/pico_bootrom/bootrom.c.obj
LOAD CMakeFiles/project.dir/Users/mgonzalez506/pico-sdk/src/rp2_common/pico_divider/divider.S.obj
LOAD CMakeFiles/project.dir/Users/mgonzalez506/pico-sdk/src/rp2_common/pico_double/double_aeabi.S.obj
LOAD CMakeFiles/project.dir/Users/mgonzalez506/pico-sdk/src/rp2_common/pico_double/double_init_rom.c.obj
LOAD CMakeFiles/project.dir/Users/mgonzalez506/pico-sdk/src/rp2_common/pico_double/double_math.c.obj
LOAD CMakeFiles/project.dir/Users/mgonzalez506/pico-sdk/src/rp2_common/pico_double/double_v1_rom_shim.S.obj
LOAD CMakeFiles/project.dir/Users/mgonzalez506/pico-sdk/src/rp2_common/pico_int64_ops/pico_int64_ops_aeabi.S.obj
LOAD CMakeFiles/project.dir/Users/mgonzalez506/pico-sdk/src/rp2_common/pico_float/float_aeabi.S.obj
LOAD CMakeFiles/project.dir/Users/mgonzalez506/pico-sdk/src/rp2_common/pico_float/float_init_rom.c.obj
LOAD CMakeFiles/project.dir/Users/mgonzalez506/pico-sdk/src/rp2_common/pico_float/float_math.c.obj
LOAD CMakeFiles/project.dir/Users/mgonzalez506/pico-sdk/src/rp2_common/pico_float/float_v1_rom_shim.S.obj
LOAD CMakeFiles/project.dir/Users/mgonzalez506/pico-sdk/src/rp2_common/pico_malloc/pico_malloc.c.obj
LOAD CMakeFiles/project.dir/Users/mgonzalez506/pico-sdk/src/rp2_common/pico_mem_ops/mem_ops_aeabi.S.obj
LOAD CMakeFiles/project.dir/Users/mgonzalez506/pico-sdk/src/rp2_common/pico_standard_link/crt0.S.obj
LOAD CMakeFiles/project.dir/Users/mgonzalez506/pico-sdk/src/rp2_common/pico_standard_link/new_delete.cpp.obj
LOAD CMakeFiles/project.dir/Users/mgonzalez506/pico-sdk/src/rp2_common/pico_standard_link/binary_info.c.obj
LOAD CMakeFiles/project.dir/Users/mgonzalez506/pico-sdk/src/rp2_common/pico_stdio/stdio.c.obj
LOAD CMakeFiles/project.dir/Users/mgonzalez506/pico-sdk/src/rp2_common/pico_stdio_uart/stdio_uart.c.obj
LOAD CMakeFiles/project.dir/Users/mgonzalez506/pico-sdk/src/rp2_common/pico_stdio_usb/reset_interface.c.obj
LOAD CMakeFiles/project.dir/Users/mgonzalez506/pico-sdk/src/rp2_common/pico_stdio_usb/stdio_usb.c.obj
LOAD CMakeFiles/project.dir/Users/mgonzalez506/pico-sdk/src/rp2_common/pico_stdio_usb/stdio_usb_descriptors.c.obj
LOAD CMakeFiles/project.dir/Users/mgonzalez506/pico-sdk/lib/tinyusb/src/portable/raspberrypi/rp2040/dcd_rp2040.c.obj
LOAD CMakeFiles/project.dir/Users/mgonzalez506/pico-sdk/lib/tinyusb/src/portable/raspberrypi/rp2040/rp2040_usb.c.obj
LOAD CMakeFiles/project.dir/Users/mgonzalez506/pico-sdk/lib/tinyusb/src/device/usbd.c.obj
LOAD CMakeFiles/project.dir/Users/mgonzalez506/pico-sdk/lib/tinyusb/src/device/usbd_control.c.obj
LOAD CMakeFiles/project.dir/Users/mgonzalez506/pico-sdk/lib/tinyusb/src/class/audio/audio_device.c.obj
LOAD CMakeFiles/project.dir/Users/mgonzalez506/pico-sdk/lib/tinyusb/src/class/cdc/cdc_device.c.obj
LOAD CMakeFiles/project.dir/Users/mgonzalez506/pico-sdk/lib/tinyusb/src/class/dfu/dfu_device.c.obj
LOAD CMakeFiles/project.dir/Users/mgonzalez506/pico-sdk/lib/tinyusb/src/class/dfu/dfu_rt_device.c.obj
LOAD CMakeFiles/project.dir/Users/mgonzalez506/pico-sdk/lib/tinyusb/src/class/hid/hid_device.c.obj
LOAD CMakeFiles/project.dir/Users/mgonzalez506/pico-sdk/lib/tinyusb/src/class/midi/midi_device.c.obj
LOAD CMakeFiles/project.dir/Users/mgonzalez506/pico-sdk/lib/tinyusb/src/class/msc/msc_device.c.obj
LOAD CMakeFiles/project.dir/Users/mgonzalez506/pico-sdk/lib/tinyusb/src/class/net/ecm_rndis_device.c.obj
LOAD CMakeFiles/project.dir/Users/mgonzalez506/pico-sdk/lib/tinyusb/src/class/net/ncm_device.c.obj
LOAD CMakeFiles/project.dir/Users/mgonzalez506/pico-sdk/lib/tinyusb/src/class/usbtmc/usbtmc_device.c.obj
LOAD CMakeFiles/project.dir/Users/mgonzalez506/pico-sdk/lib/tinyusb/src/class/vendor/vendor_device.c.obj
LOAD CMakeFiles/project.dir/Users/mgonzalez506/pico-sdk/lib/tinyusb/src/class/video/video_device.c.obj
LOAD CMakeFiles/project.dir/Users/mgonzalez506/pico-sdk/lib/tinyusb/src/tusb.c.obj
LOAD CMakeFiles/project.dir/Users/mgonzalez506/pico-sdk/lib/tinyusb/src/common/tusb_fifo.c.obj
LOAD CMakeFiles/project.dir/Users/mgonzalez506/pico-sdk/src/rp2_common/pico_fix/rp2040_usb_device_enumeration/rp2040_usb_device_enumeration.c.obj
LOAD CMakeFiles/project.dir/Users/mgonzalez506/pico-sdk/src/rp2_common/pico_unique_id/unique_id.c.obj
LOAD CMakeFiles/project.dir/Users/mgonzalez506/pico-sdk/src/rp2_common/hardware_flash/flash.c.obj
LOAD CMakeFiles/project.dir/Users/mgonzalez506/pico-sdk/src/rp2_common/hardware_pio/pio.c.obj
LOAD /var/folders/h6/47w8zk5n53g54lydb5vmgbw40000gn/T//ccai94Ca.o
LOAD /opt/homebrew/Cellar/arm-none-eabi-gcc/10.3-2021.07/gcc/bin/../lib/gcc/arm-none-eabi/10.3.1/../../../../arm-none-eabi/lib/thumb/v6-m/nofp/libstdc++.a
LOAD /opt/homebrew/Cellar/arm-none-eabi-gcc/10.3-2021.07/gcc/bin/../lib/gcc/arm-none-eabi/10.3.1/../../../../arm-none-eabi/lib/thumb/v6-m/nofp/libm.a
START GROUP
LOAD /opt/homebrew/Cellar/arm-none-eabi-gcc/10.3-2021.07/gcc/bin/../lib/gcc/arm-none-eabi/10.3.1/thumb/v6-m/nofp/libgcc.a
LOAD /opt/homebrew/Cellar/arm-none-eabi-gcc/10.3-2021.07/gcc/bin/../lib/gcc/arm-none-eabi/10.3.1/../../../../arm-none-eabi/lib/thumb/v6-m/nofp/libc.a
END GROUP
START GROUP
LOAD /opt/homebrew/Cellar/arm-none-eabi-gcc/10.3-2021.07/gcc/bin/../lib/gcc/arm-none-eabi/10.3.1/thumb/v6-m/nofp/libgcc.a
LOAD /opt/homebrew/Cellar/arm-none-eabi-gcc/10.3-2021.07/gcc/bin/../lib/gcc/arm-none-eabi/10.3.1/../../../../arm-none-eabi/lib/thumb/v6-m/nofp/libc.a
LOAD /opt/homebrew/Cellar/arm-none-eabi-gcc/10.3-2021.07/gcc/bin/../lib/gcc/arm-none-eabi/10.3.1/../../../../arm-none-eabi/lib/thumb/v6-m/nofp/libnosys.a
END GROUP
LOAD /opt/homebrew/Cellar/arm-none-eabi-gcc/10.3-2021.07/gcc/bin/../lib/gcc/arm-none-eabi/10.3.1/thumb/v6-m/nofp/crtend.o
LOAD /opt/homebrew/Cellar/arm-none-eabi-gcc/10.3-2021.07/gcc/bin/../lib/gcc/arm-none-eabi/10.3.1/thumb/v6-m/nofp/crtn.o
OUTPUT(project.elf elf32-littlearm)
LOAD linker stubs

.ARM.attributes
                0x0000000000000000       0x28
 .ARM.attributes
                0x0000000000000000       0x1e /opt/homebrew/Cellar/arm-none-eabi-gcc/10.3-2021.07/gcc/bin/../lib/gcc/arm-none-eabi/10.3.1/thumb/v6-m/nofp/crti.o
 .ARM.attributes
                0x000000000000001e       0x2c /opt/homebrew/Cellar/arm-none-eabi-gcc/10.3-2021.07/gcc/bin/../lib/gcc/arm-none-eabi/10.3.1/thumb/v6-m/nofp/crtbegin.o
 .ARM.attributes
                0x000000000000004a       0x2c CMakeFiles/project.dir/WiegandReader.c.obj
 .ARM.attributes
                0x0000000000000076       0x2c CMakeFiles/project.dir/Users/mgonzalez506/pico-sdk/src/rp2_common/hardware_gpio/gpio.c.obj
 .ARM.attributes
                0x00000000000000a2       0x2c CMakeFiles/project.dir/Users/mgonzalez506/pico-sdk/src/rp2_common/hardware_claim/claim.c.obj
 .ARM.attributes
                0x00000000000000ce       0x2c CMakeFiles/project.dir/Users/mgonzalez506/pico-sdk/src/rp2_common/pico_platform/platform.c.obj
 .ARM.attributes
                0x00000000000000fa       0x2c CMakeFiles/project.dir/Users/mgonzalez506/pico-sdk/src/rp2_common/hardware_sync/sync.c.obj
 .ARM.attributes
                0x0000000000000126       0x2c CMakeFiles/project.dir/Users/mgonzalez506/pico-sdk/src/rp2_common/hardware_irq/irq.c.obj
 .ARM.attributes
                0x0000000000000152       0x22 CMakeFiles/project.dir/Users/mgonzalez506/pico-sdk/src/rp2_common/hardware_irq/irq_handler_chain.S.obj
 .ARM.attributes
                0x0000000000000174       0x2c CMakeFiles/project.dir/Users/mgonzalez506/pico-sdk/src/common/pico_sync/lock_core.c.obj
 .ARM.attributes
                0x00000000000001a0       0x2c CMakeFiles/project.dir/Users/mgonzalez506/pico-sdk/src/common/pico_time/time.c.obj
 .ARM.attributes
                0x00000000000001cc       0x2c CMakeFiles/project.dir/Users/mgonzalez506/pico-sdk/src/rp2_common/hardware_timer/timer.c.obj
 .ARM.attributes
                0x00000000000001f8       0x2c CMakeFiles/project.dir/Users/mgonzalez506/pico-sdk/src/common/pico_util/pheap.c.obj
 .ARM.attributes
                0x0000000000000224       0x2c CMakeFiles/project.dir/Users/mgonzalez506/pico-sdk/src/common/pico_sync/mutex.c.obj
 .ARM.attributes
                0x0000000000000250       0x2c CMakeFiles/project.dir/Users/mgonzalez506/pico-sdk/src/common/pico_sync/critical_section.c.obj
 .ARM.attributes
                0x000000000000027c       0x2c CMakeFiles/project.dir/Users/mgonzalez506/pico-sdk/src/rp2_common/hardware_uart/uart.c.obj
 .ARM.attributes
                0x00000000000002a8       0x2c CMakeFiles/project.dir/Users/mgonzalez506/pico-sdk/src/rp2_common/pico_runtime/runtime.c.obj
 .ARM.attributes
                0x00000000000002d4       0x2c CMakeFiles/project.dir/Users/mgonzalez506/pico-sdk/src/rp2_common/hardware_clocks/clocks.c.obj
 .ARM.attributes
                0x0000000000000300       0x2c CMakeFiles/project.dir/Users/mgonzalez506/pico-sdk/src/rp2_common/hardware_pll/pll.c.obj
 .ARM.attributes
                0x000000000000032c       0x2c CMakeFiles/project.dir/Users/mgonzalez506/pico-sdk/src/rp2_common/hardware_watchdog/watchdog.c.obj
 .ARM.attributes
                0x0000000000000358       0x2c CMakeFiles/project.dir/Users/mgonzalez506/pico-sdk/src/rp2_common/hardware_xosc/xosc.c.obj
 .ARM.attributes
                0x0000000000000384       0x2c CMakeFiles/project.dir/Users/mgonzalez506/pico-sdk/src/rp2_common/pico_printf/printf.c.obj
 .ARM.attributes
                0x00000000000003b0       0x22 CMakeFiles/project.dir/Users/mgonzalez506/pico-sdk/src/rp2_common/pico_bit_ops/bit_ops_aeabi.S.obj
 .ARM.attributes
                0x00000000000003d2       0x2c CMakeFiles/project.dir/Users/mgonzalez506/pico-sdk/src/rp2_common/pico_bootrom/bootrom.c.obj
 .ARM.attributes
                0x00000000000003fe       0x22 CMakeFiles/project.dir/Users/mgonzalez506/pico-sdk/src/rp2_common/pico_divider/divider.S.obj
 .ARM.attributes
                0x0000000000000420       0x22 CMakeFiles/project.dir/Users/mgonzalez506/pico-sdk/src/rp2_common/pico_double/double_aeabi.S.obj
 .ARM.attributes
                0x0000000000000442       0x2c CMakeFiles/project.dir/Users/mgonzalez506/pico-sdk/src/rp2_common/pico_double/double_init_rom.c.obj
 .ARM.attributes
                0x000000000000046e       0x22 CMakeFiles/project.dir/Users/mgonzalez506/pico-sdk/src/rp2_common/pico_double/double_v1_rom_shim.S.obj
 .ARM.attributes
                0x0000000000000490       0x22 CMakeFiles/project.dir/Users/mgonzalez506/pico-sdk/src/rp2_common/pico_int64_ops/pico_int64_ops_aeabi.S.obj
 .ARM.attributes
                0x00000000000004b2       0x22 CMakeFiles/project.dir/Users/mgonzalez506/pico-sdk/src/rp2_common/pico_float/float_aeabi.S.obj
 .ARM.attributes
                0x00000000000004d4       0x2c CMakeFiles/project.dir/Users/mgonzalez506/pico-sdk/src/rp2_common/pico_float/float_init_rom.c.obj
 .ARM.attributes